2023-05-22 11:02:30,626 INFO o.a.j.u.JMeterUtils: Setting Locale to en_BY
2023-05-22 11:02:30,752 INFO o.a.j.JMeter: Loading user properties from: user.properties
2023-05-22 11:02:30,753 INFO o.a.j.JMeter: Loading system properties from: system.properties
2023-05-22 11:02:30,765 INFO o.a.j.JMeter: Copyright (c) 1998-2022 The Apache Software Foundation
2023-05-22 11:02:30,766 INFO o.a.j.JMeter: Version 5.5
2023-05-22 11:02:30,766 INFO o.a.j.JMeter: java.version=20.0.1
2023-05-22 11:02:30,766 INFO o.a.j.JMeter: java.vm.name=Java HotSpot(TM) 64-Bit Server VM
2023-05-22 11:02:30,766 INFO o.a.j.JMeter: os.name=Mac OS X
2023-05-22 11:02:30,766 INFO o.a.j.JMeter: os.arch=x86_64
2023-05-22 11:02:30,766 INFO o.a.j.JMeter: os.version=11.7
2023-05-22 11:02:30,767 INFO o.a.j.JMeter: file.encoding=UTF-8
2023-05-22 11:02:30,767 INFO o.a.j.JMeter: java.awt.headless=null
2023-05-22 11:02:30,767 INFO o.a.j.JMeter: Max memory     =1073741824
2023-05-22 11:02:30,767 INFO o.a.j.JMeter: Available Processors =4
2023-05-22 11:02:30,784 INFO o.a.j.JMeter: Default Locale=English (Belarus)
2023-05-22 11:02:30,784 INFO o.a.j.JMeter: JMeter  Locale=English (Belarus)
2023-05-22 11:02:30,784 INFO o.a.j.JMeter: JMeterHome=/Users/petia/Downloads/apache-jmeter-5.5
2023-05-22 11:02:30,784 INFO o.a.j.JMeter: user.dir  =/Users/petia/Downloads/apache-jmeter-5.5/bin
2023-05-22 11:02:30,785 INFO o.a.j.JMeter: PWD       =/Users/petia/Downloads/apache-jmeter-5.5/bin
2023-05-22 11:02:30,787 INFO o.a.j.JMeter: IP: 127.0.0.1 Name: MacBook-Air.local FullName: localhost
2023-05-22 11:02:30,816 INFO o.a.j.JMeter: Loaded icon properties from org/apache/jmeter/images/icon.properties
2023-05-22 11:02:33,052 INFO o.a.j.JMeterGuiLauncher: Setting LAF to: com.github.weisj.darklaf.DarkLaf:com.github.weisj.darklaf.theme.DarculaTheme
2023-05-22 11:02:47,450 INFO o.a.j.s.FileServer: Default base='/Users/petia/Downloads/apache-jmeter-5.5/bin'
2023-05-22 11:02:47,457 INFO o.a.j.g.a.Load: Loading file: /Users/petia/IdeaProjects/apache-jmeter-5.5/bin/View Results Tree.jmx
2023-05-22 11:02:47,458 INFO o.a.j.s.FileServer: Set new base='/Users/petia/IdeaProjects/apache-jmeter-5.5/bin'
2023-05-22 11:02:48,001 INFO o.a.j.s.SaveService: Testplan (JMX) version: 2.2. Testlog (JTL) version: 2.2
2023-05-22 11:02:48,060 INFO o.a.j.s.SaveService: Using SaveService properties version 5.0
2023-05-22 11:02:48,064 INFO o.a.j.s.SaveService: Using SaveService properties file encoding UTF-8
2023-05-22 11:02:48,067 INFO o.a.j.s.SaveService: Loading file: /Users/petia/IdeaProjects/apache-jmeter-5.5/bin/View Results Tree.jmx
2023-05-22 11:02:48,116 INFO o.a.j.p.h.s.HTTPSamplerBase: Parser for text/html is org.apache.jmeter.protocol.http.parser.LagartoBasedHtmlParser
2023-05-22 11:02:48,117 INFO o.a.j.p.h.s.HTTPSamplerBase: Parser for application/xhtml+xml is org.apache.jmeter.protocol.http.parser.LagartoBasedHtmlParser
2023-05-22 11:02:48,117 INFO o.a.j.p.h.s.HTTPSamplerBase: Parser for application/xml is org.apache.jmeter.protocol.http.parser.LagartoBasedHtmlParser
2023-05-22 11:02:48,118 INFO o.a.j.p.h.s.HTTPSamplerBase: Parser for text/xml is org.apache.jmeter.protocol.http.parser.LagartoBasedHtmlParser
2023-05-22 11:02:48,118 INFO o.a.j.p.h.s.HTTPSamplerBase: Parser for text/vnd.wap.wml is org.apache.jmeter.protocol.http.parser.RegexpHTMLParser
2023-05-22 11:02:48,118 INFO o.a.j.p.h.s.HTTPSamplerBase: Parser for text/css is org.apache.jmeter.protocol.http.parser.CssParser
2023-05-22 11:02:48,409 INFO o.a.j.s.SampleResult: Note: Sample TimeStamps are START times
2023-05-22 11:02:48,409 INFO o.a.j.s.SampleResult: sampleresult.default.encoding is set to ISO-8859-1
2023-05-22 11:02:48,410 INFO o.a.j.s.SampleResult: sampleresult.useNanoTime=true
2023-05-22 11:02:48,410 INFO o.a.j.s.SampleResult: sampleresult.nanoThreadSleep=5000
2023-05-22 11:02:48,759 INFO o.a.j.v.ViewResultsFullVisualizer: Add JavaFX to your Java installation if you want to use renderer: org.apache.jmeter.visualizers.RenderInBrowser
2023-05-22 11:02:48,926 INFO o.a.j.s.FileServer: Set new base='/Users/petia/IdeaProjects/apache-jmeter-5.5/bin'
2023-05-22 11:03:48,025 INFO o.a.j.e.StandardJMeterEngine: Running the test!
2023-05-22 11:03:48,032 INFO o.a.j.s.SampleEvent: List of sample_variables: []
2023-05-22 11:03:48,032 INFO o.a.j.s.SampleEvent: List of sample_variables: []
2023-05-22 11:03:48,038 INFO o.a.j.e.u.CompoundVariable: Note: Function class names must contain the string: '.functions.'
2023-05-22 11:03:48,038 INFO o.a.j.e.u.CompoundVariable: Note: Function class names must not contain the string: '.gui.'
2023-05-22 11:03:48,222 INFO o.a.j.g.u.JMeterMenuBar: setRunning(true, *local*)
2023-05-22 11:03:48,426 INFO o.a.j.e.StandardJMeterEngine: Starting ThreadGroup: 1 : Thread Group
2023-05-22 11:03:48,426 INFO o.a.j.e.StandardJMeterEngine: Starting 100 threads for group Thread Group.
2023-05-22 11:03:48,427 INFO o.a.j.e.StandardJMeterEngine: Thread will continue on error
2023-05-22 11:03:48,429 INFO o.a.j.t.ThreadGroup: Starting thread group... number=1 threads=100 ramp-up=1 delayedStart=false
2023-05-22 11:03:48,442 INFO o.a.j.t.JMeterThread: Thread started: Thread Group 1-1
2023-05-22 11:03:48,446 INFO o.a.j.t.JMeterThread: Thread started: Thread Group 1-2
2023-05-22 11:03:48,453 INFO o.a.j.t.JMeterThread: Thread started: Thread Group 1-3
2023-05-22 11:03:48,469 INFO o.a.j.t.JMeterThread: Thread started: Thread Group 1-4
2023-05-22 11:03:48,474 INFO o.a.j.t.JMeterThread: Thread started: Thread Group 1-5
2023-05-22 11:03:48,490 INFO o.a.j.t.JMeterThread: Thread started: Thread Group 1-6
2023-05-22 11:03:48,495 INFO o.a.j.p.h.s.HTTPHCAbstractImpl: Local host = MacBook-Air.local
2023-05-22 11:03:48,496 INFO o.a.j.t.JMeterThread: Thread started: Thread Group 1-7
2023-05-22 11:03:48,506 INFO o.a.j.t.JMeterThread: Thread started: Thread Group 1-8
2023-05-22 11:03:48,524 INFO o.a.j.t.JMeterThread: Thread started: Thread Group 1-10
2023-05-22 11:03:48,526 INFO o.a.j.t.JMeterThread: Thread started: Thread Group 1-9
2023-05-22 11:03:48,535 INFO o.a.j.t.JMeterThread: Thread started: Thread Group 1-11
2023-05-22 11:03:48,537 INFO o.a.j.p.h.s.HTTPHC4Impl: HTTP request retry count = 0
2023-05-22 11:03:48,544 INFO o.a.j.t.JMeterThread: Thread started: Thread Group 1-12
2023-05-22 11:03:48,556 INFO o.a.j.t.JMeterThread: Thread started: Thread Group 1-13
2023-05-22 11:03:48,567 INFO o.a.j.t.JMeterThread: Thread started: Thread Group 1-14
2023-05-22 11:03:48,584 INFO o.a.j.t.JMeterThread: Thread started: Thread Group 1-15
2023-05-22 11:03:48,590 INFO o.a.j.t.JMeterThread: Thread started: Thread Group 1-16
2023-05-22 11:03:48,606 INFO o.a.j.t.JMeterThread: Thread started: Thread Group 1-17
2023-05-22 11:03:48,615 INFO o.a.j.t.JMeterThread: Thread started: Thread Group 1-19
2023-05-22 11:03:48,616 INFO o.a.j.t.JMeterThread: Thread started: Thread Group 1-18
2023-05-22 11:03:48,625 INFO o.a.j.t.JMeterThread: Thread started: Thread Group 1-20
2023-05-22 11:03:48,639 INFO o.a.j.t.JMeterThread: Thread started: Thread Group 1-21
2023-05-22 11:03:48,643 INFO o.a.j.t.JMeterThread: Thread started: Thread Group 1-22
2023-05-22 11:03:48,659 INFO o.a.j.t.JMeterThread: Thread started: Thread Group 1-23
2023-05-22 11:03:48,678 INFO o.a.j.t.JMeterThread: Thread started: Thread Group 1-25
2023-05-22 11:03:48,684 INFO o.a.j.t.JMeterThread: Thread started: Thread Group 1-24
2023-05-22 11:03:48,689 INFO o.a.j.t.JMeterThread: Thread started: Thread Group 1-26
2023-05-22 11:03:48,693 INFO o.a.j.t.JMeterThread: Thread started: Thread Group 1-27
2023-05-22 11:03:48,693 INFO o.a.j.t.ThreadGroup: Started thread group number 1
2023-05-22 11:03:48,695 INFO o.a.j.e.StandardJMeterEngine: All thread groups have been started
2023-05-22 11:03:48,706 INFO o.a.j.t.JMeterThread: Thread started: Thread Group 1-28
2023-05-22 11:03:48,714 INFO o.a.j.t.JMeterThread: Thread started: Thread Group 1-29
2023-05-22 11:03:48,723 INFO o.a.j.t.JMeterThread: Thread started: Thread Group 1-30
2023-05-22 11:03:48,735 INFO o.a.j.t.JMeterThread: Thread started: Thread Group 1-31
2023-05-22 11:03:48,744 INFO o.a.j.t.JMeterThread: Thread started: Thread Group 1-32
2023-05-22 11:03:48,753 INFO o.a.j.t.JMeterThread: Thread started: Thread Group 1-33
2023-05-22 11:03:48,764 INFO o.a.j.t.JMeterThread: Thread started: Thread Group 1-34
2023-05-22 11:03:48,775 INFO o.a.j.t.JMeterThread: Thread started: Thread Group 1-35
2023-05-22 11:03:48,788 INFO o.a.j.t.JMeterThread: Thread started: Thread Group 1-36
2023-05-22 11:03:48,799 INFO o.a.j.t.JMeterThread: Thread started: Thread Group 1-37
2023-05-22 11:03:48,807 INFO o.a.j.t.JMeterThread: Thread started: Thread Group 1-38
2023-05-22 11:03:48,816 INFO o.a.j.t.JMeterThread: Thread started: Thread Group 1-39
2023-05-22 11:03:48,828 INFO o.a.j.t.JMeterThread: Thread started: Thread Group 1-40
2023-05-22 11:03:48,837 INFO o.a.j.t.JMeterThread: Thread started: Thread Group 1-41
2023-05-22 11:03:48,845 INFO o.a.j.t.JMeterThread: Thread started: Thread Group 1-42
2023-05-22 11:03:48,857 INFO o.a.j.t.JMeterThread: Thread started: Thread Group 1-43
2023-05-22 11:03:48,865 INFO o.a.j.t.JMeterThread: Thread started: Thread Group 1-44
2023-05-22 11:03:48,874 INFO o.a.j.t.JMeterThread: Thread started: Thread Group 1-45
2023-05-22 11:03:48,890 INFO o.a.j.t.JMeterThread: Thread started: Thread Group 1-46
2023-05-22 11:03:48,897 INFO o.a.j.t.JMeterThread: Thread started: Thread Group 1-47
2023-05-22 11:03:48,909 INFO o.a.j.t.JMeterThread: Thread started: Thread Group 1-48
2023-05-22 11:03:48,920 INFO o.a.j.t.JMeterThread: Thread started: Thread Group 1-49
2023-05-22 11:03:48,925 INFO o.a.j.t.JMeterThread: Thread started: Thread Group 1-50
2023-05-22 11:03:48,935 INFO o.a.j.t.JMeterThread: Thread started: Thread Group 1-51
2023-05-22 11:03:48,943 INFO o.a.j.t.JMeterThread: Thread started: Thread Group 1-52
2023-05-22 11:03:48,955 INFO o.a.j.t.JMeterThread: Thread started: Thread Group 1-53
2023-05-22 11:03:48,967 INFO o.a.j.t.JMeterThread: Thread started: Thread Group 1-54
2023-05-22 11:03:48,976 INFO o.a.j.t.JMeterThread: Thread started: Thread Group 1-55
2023-05-22 11:03:48,984 INFO o.a.j.t.JMeterThread: Thread started: Thread Group 1-56
2023-05-22 11:03:48,996 INFO o.a.j.t.JMeterThread: Thread started: Thread Group 1-57
2023-05-22 11:03:49,006 INFO o.a.j.t.JMeterThread: Thread started: Thread Group 1-58
2023-05-22 11:03:49,012 INFO o.a.j.t.JMeterThread: Thread started: Thread Group 1-59
2023-05-22 11:03:49,023 INFO o.a.j.t.JMeterThread: Thread started: Thread Group 1-60
2023-05-22 11:03:49,034 INFO o.a.j.t.JMeterThread: Thread started: Thread Group 1-61
2023-05-22 11:03:49,047 INFO o.a.j.t.JMeterThread: Thread started: Thread Group 1-62
2023-05-22 11:03:49,053 INFO o.a.j.t.JMeterThread: Thread started: Thread Group 1-63
2023-05-22 11:03:49,063 INFO o.a.j.t.JMeterThread: Thread started: Thread Group 1-64
2023-05-22 11:03:49,080 INFO o.a.j.t.JMeterThread: Thread started: Thread Group 1-65
2023-05-22 11:03:49,088 INFO o.a.j.t.JMeterThread: Thread started: Thread Group 1-66
2023-05-22 11:03:49,095 INFO o.a.j.t.JMeterThread: Thread started: Thread Group 1-67
2023-05-22 11:03:49,104 INFO o.a.j.t.JMeterThread: Thread started: Thread Group 1-68
2023-05-22 11:03:49,113 INFO o.a.j.t.JMeterThread: Thread started: Thread Group 1-69
2023-05-22 11:03:49,126 INFO o.a.j.t.JMeterThread: Thread started: Thread Group 1-70
2023-05-22 11:03:49,135 INFO o.a.j.t.JMeterThread: Thread started: Thread Group 1-71
2023-05-22 11:03:49,145 INFO o.a.j.t.JMeterThread: Thread started: Thread Group 1-72
2023-05-22 11:03:49,158 INFO o.a.j.t.JMeterThread: Thread started: Thread Group 1-73
2023-05-22 11:03:49,166 INFO o.a.j.t.JMeterThread: Thread started: Thread Group 1-74
2023-05-22 11:03:49,175 INFO o.a.j.t.JMeterThread: Thread started: Thread Group 1-75
2023-05-22 11:03:49,186 INFO o.a.j.t.JMeterThread: Thread started: Thread Group 1-76
2023-05-22 11:03:49,195 INFO o.a.j.t.JMeterThread: Thread started: Thread Group 1-77
2023-05-22 11:03:49,207 INFO o.a.j.t.JMeterThread: Thread started: Thread Group 1-78
2023-05-22 11:03:49,215 INFO o.a.j.t.JMeterThread: Thread started: Thread Group 1-79
2023-05-22 11:03:49,223 INFO o.a.j.t.JMeterThread: Thread started: Thread Group 1-80
2023-05-22 11:03:49,237 INFO o.a.j.t.JMeterThread: Thread started: Thread Group 1-81
2023-05-22 11:03:49,245 INFO o.a.j.t.JMeterThread: Thread started: Thread Group 1-82
2023-05-22 11:03:49,253 INFO o.a.j.t.JMeterThread: Thread started: Thread Group 1-83
2023-05-22 11:03:49,264 INFO o.a.j.t.JMeterThread: Thread started: Thread Group 1-84
2023-05-22 11:03:49,275 INFO o.a.j.t.JMeterThread: Thread started: Thread Group 1-85
2023-05-22 11:03:49,284 INFO o.a.j.t.JMeterThread: Thread started: Thread Group 1-86
2023-05-22 11:03:49,295 INFO o.a.j.t.JMeterThread: Thread started: Thread Group 1-87
2023-05-22 11:03:49,307 INFO o.a.j.t.JMeterThread: Thread started: Thread Group 1-88
2023-05-22 11:03:49,314 INFO o.a.j.t.JMeterThread: Thread started: Thread Group 1-89
2023-05-22 11:03:49,324 INFO o.a.j.t.JMeterThread: Thread started: Thread Group 1-90
2023-05-22 11:03:49,334 INFO o.a.j.t.JMeterThread: Thread started: Thread Group 1-91
2023-05-22 11:03:49,346 INFO o.a.j.t.JMeterThread: Thread started: Thread Group 1-92
2023-05-22 11:03:49,359 INFO o.a.j.t.JMeterThread: Thread started: Thread Group 1-93
2023-05-22 11:03:49,365 INFO o.a.j.t.JMeterThread: Thread started: Thread Group 1-94
2023-05-22 11:03:49,374 INFO o.a.j.t.JMeterThread: Thread started: Thread Group 1-95
2023-05-22 11:03:49,385 INFO o.a.j.t.JMeterThread: Thread started: Thread Group 1-96
2023-05-22 11:03:49,397 INFO o.a.j.t.JMeterThread: Thread started: Thread Group 1-97
2023-05-22 11:03:49,405 INFO o.a.j.t.JMeterThread: Thread started: Thread Group 1-98
2023-05-22 11:03:49,416 INFO o.a.j.t.JMeterThread: Thread started: Thread Group 1-99
2023-05-22 11:03:49,426 INFO o.a.j.t.JMeterThread: Thread started: Thread Group 1-100
2023-05-22 11:03:50,470 INFO o.a.j.t.JMeterThread: Thread is done: Thread Group 1-70
2023-05-22 11:03:50,470 INFO o.a.j.t.JMeterThread: Thread is done: Thread Group 1-7
2023-05-22 11:03:50,470 INFO o.a.j.t.JMeterThread: Thread finished: Thread Group 1-70
2023-05-22 11:03:50,470 INFO o.a.j.t.JMeterThread: Thread finished: Thread Group 1-7
2023-05-22 11:03:50,470 INFO o.a.j.t.JMeterThread: Thread is done: Thread Group 1-54
2023-05-22 11:03:50,470 INFO o.a.j.t.JMeterThread: Thread is done: Thread Group 1-96
2023-05-22 11:03:50,471 INFO o.a.j.t.JMeterThread: Thread finished: Thread Group 1-54
2023-05-22 11:03:50,471 INFO o.a.j.t.JMeterThread: Thread finished: Thread Group 1-96
2023-05-22 11:03:50,471 INFO o.a.j.t.JMeterThread: Thread is done: Thread Group 1-82
2023-05-22 11:03:50,470 INFO o.a.j.t.JMeterThread: Thread is done: Thread Group 1-87
2023-05-22 11:03:50,471 INFO o.a.j.t.JMeterThread: Thread finished: Thread Group 1-82
2023-05-22 11:03:50,471 INFO o.a.j.t.JMeterThread: Thread finished: Thread Group 1-87
2023-05-22 11:03:50,471 INFO o.a.j.t.JMeterThread: Thread is done: Thread Group 1-8
2023-05-22 11:03:50,470 INFO o.a.j.t.JMeterThread: Thread is done: Thread Group 1-28
2023-05-22 11:03:50,471 INFO o.a.j.t.JMeterThread: Thread finished: Thread Group 1-8
2023-05-22 11:03:50,471 INFO o.a.j.t.JMeterThread: Thread is done: Thread Group 1-63
2023-05-22 11:03:50,470 INFO o.a.j.t.JMeterThread: Thread is done: Thread Group 1-98
2023-05-22 11:03:50,470 INFO o.a.j.t.JMeterThread: Thread is done: Thread Group 1-29
2023-05-22 11:03:50,470 INFO o.a.j.t.JMeterThread: Thread is done: Thread Group 1-77
2023-05-22 11:03:50,471 INFO o.a.j.t.JMeterThread: Thread finished: Thread Group 1-98
2023-05-22 11:03:50,472 INFO o.a.j.t.JMeterThread: Thread finished: Thread Group 1-63
2023-05-22 11:03:50,472 INFO o.a.j.t.JMeterThread: Thread finished: Thread Group 1-29
2023-05-22 11:03:50,470 INFO o.a.j.t.JMeterThread: Thread is done: Thread Group 1-43
2023-05-22 11:03:50,470 INFO o.a.j.t.JMeterThread: Thread is done: Thread Group 1-58
2023-05-22 11:03:50,470 INFO o.a.j.t.JMeterThread: Thread is done: Thread Group 1-61
2023-05-22 11:03:50,471 INFO o.a.j.t.JMeterThread: Thread finished: Thread Group 1-28
2023-05-22 11:03:50,472 INFO o.a.j.t.JMeterThread: Thread finished: Thread Group 1-58
2023-05-22 11:03:50,472 INFO o.a.j.t.JMeterThread: Thread finished: Thread Group 1-77
2023-05-22 11:03:50,472 INFO o.a.j.t.JMeterThread: Thread finished: Thread Group 1-43
2023-05-22 11:03:50,472 INFO o.a.j.t.JMeterThread: Thread finished: Thread Group 1-61
2023-05-22 11:03:50,472 INFO o.a.j.t.JMeterThread: Thread is done: Thread Group 1-34
2023-05-22 11:03:50,472 INFO o.a.j.t.JMeterThread: Thread finished: Thread Group 1-34
2023-05-22 11:03:50,473 INFO o.a.j.t.JMeterThread: Thread is done: Thread Group 1-53
2023-05-22 11:03:50,473 INFO o.a.j.t.JMeterThread: Thread finished: Thread Group 1-53
2023-05-22 11:03:50,473 INFO o.a.j.t.JMeterThread: Thread is done: Thread Group 1-12
2023-05-22 11:03:50,473 INFO o.a.j.t.JMeterThread: Thread finished: Thread Group 1-12
2023-05-22 11:03:50,473 INFO o.a.j.t.JMeterThread: Thread is done: Thread Group 1-68
2023-05-22 11:03:50,474 INFO o.a.j.t.JMeterThread: Thread is done: Thread Group 1-57
2023-05-22 11:03:50,473 INFO o.a.j.t.JMeterThread: Thread is done: Thread Group 1-51
2023-05-22 11:03:50,475 INFO o.a.j.t.JMeterThread: Thread is done: Thread Group 1-47
2023-05-22 11:03:50,475 INFO o.a.j.t.JMeterThread: Thread is done: Thread Group 1-71
2023-05-22 11:03:50,477 INFO o.a.j.t.JMeterThread: Thread finished: Thread Group 1-51
2023-05-22 11:03:50,477 INFO o.a.j.t.JMeterThread: Thread finished: Thread Group 1-47
2023-05-22 11:03:50,477 INFO o.a.j.t.JMeterThread: Thread finished: Thread Group 1-71
2023-05-22 11:03:50,474 INFO o.a.j.t.JMeterThread: Thread is done: Thread Group 1-31
2023-05-22 11:03:50,474 INFO o.a.j.t.JMeterThread: Thread is done: Thread Group 1-23
2023-05-22 11:03:50,477 INFO o.a.j.t.JMeterThread: Thread finished: Thread Group 1-31
2023-05-22 11:03:50,477 INFO o.a.j.t.JMeterThread: Thread finished: Thread Group 1-23
2023-05-22 11:03:50,474 INFO o.a.j.t.JMeterThread: Thread is done: Thread Group 1-62
2023-05-22 11:03:50,477 INFO o.a.j.t.JMeterThread: Thread is done: Thread Group 1-17
2023-05-22 11:03:50,478 INFO o.a.j.t.JMeterThread: Thread finished: Thread Group 1-62
2023-05-22 11:03:50,478 INFO o.a.j.t.JMeterThread: Thread finished: Thread Group 1-17
2023-05-22 11:03:50,474 INFO o.a.j.t.JMeterThread: Thread is done: Thread Group 1-56
2023-05-22 11:03:50,474 INFO o.a.j.t.JMeterThread: Thread is done: Thread Group 1-11
2023-05-22 11:03:50,478 INFO o.a.j.t.JMeterThread: Thread is done: Thread Group 1-50
2023-05-22 11:03:50,478 INFO o.a.j.t.JMeterThread: Thread finished: Thread Group 1-56
2023-05-22 11:03:50,474 INFO o.a.j.t.JMeterThread: Thread finished: Thread Group 1-68
2023-05-22 11:03:50,473 INFO o.a.j.t.JMeterThread: Thread is done: Thread Group 1-10
2023-05-22 11:03:50,478 INFO o.a.j.t.JMeterThread: Thread finished: Thread Group 1-11
2023-05-22 11:03:50,478 INFO o.a.j.t.JMeterThread: Thread finished: Thread Group 1-10
2023-05-22 11:03:50,479 INFO o.a.j.t.JMeterThread: Thread is done: Thread Group 1-2
2023-05-22 11:03:50,479 INFO o.a.j.t.JMeterThread: Thread is done: Thread Group 1-76
2023-05-22 11:03:50,479 INFO o.a.j.t.JMeterThread: Thread finished: Thread Group 1-2
2023-05-22 11:03:50,479 INFO o.a.j.t.JMeterThread: Thread finished: Thread Group 1-76
2023-05-22 11:03:50,479 INFO o.a.j.t.JMeterThread: Thread is done: Thread Group 1-99
2023-05-22 11:03:50,479 INFO o.a.j.t.JMeterThread: Thread is done: Thread Group 1-75
2023-05-22 11:03:50,480 INFO o.a.j.t.JMeterThread: Thread finished: Thread Group 1-75
2023-05-22 11:03:50,480 INFO o.a.j.t.JMeterThread: Thread is done: Thread Group 1-67
2023-05-22 11:03:50,477 INFO o.a.j.t.JMeterThread: Thread is done: Thread Group 1-72
2023-05-22 11:03:50,480 INFO o.a.j.t.JMeterThread: Thread finished: Thread Group 1-67
2023-05-22 11:03:50,480 INFO o.a.j.t.JMeterThread: Thread finished: Thread Group 1-50
2023-05-22 11:03:50,480 INFO o.a.j.t.JMeterThread: Thread finished: Thread Group 1-72
2023-05-22 11:03:50,480 INFO o.a.j.t.JMeterThread: Thread is done: Thread Group 1-25
2023-05-22 11:03:50,475 INFO o.a.j.t.JMeterThread: Thread finished: Thread Group 1-57
2023-05-22 11:03:50,481 INFO o.a.j.t.JMeterThread: Thread finished: Thread Group 1-25
2023-05-22 11:03:50,480 INFO o.a.j.t.JMeterThread: Thread is done: Thread Group 1-85
2023-05-22 11:03:50,480 INFO o.a.j.t.JMeterThread: Thread finished: Thread Group 1-99
2023-05-22 11:03:50,479 INFO o.a.j.t.JMeterThread: Thread is done: Thread Group 1-33
2023-05-22 11:03:50,481 INFO o.a.j.t.JMeterThread: Thread finished: Thread Group 1-33
2023-05-22 11:03:50,481 INFO o.a.j.t.JMeterThread: Thread finished: Thread Group 1-85
2023-05-22 11:03:50,481 INFO o.a.j.t.JMeterThread: Thread is done: Thread Group 1-15
2023-05-22 11:03:50,481 INFO o.a.j.t.JMeterThread: Thread finished: Thread Group 1-15
2023-05-22 11:03:50,509 INFO o.a.j.t.JMeterThread: Thread is done: Thread Group 1-73
2023-05-22 11:03:50,509 INFO o.a.j.t.JMeterThread: Thread finished: Thread Group 1-73
2023-05-22 11:03:50,511 INFO o.a.j.t.JMeterThread: Thread is done: Thread Group 1-74
2023-05-22 11:03:50,511 INFO o.a.j.t.JMeterThread: Thread finished: Thread Group 1-74
2023-05-22 11:03:50,511 INFO o.a.j.t.JMeterThread: Thread is done: Thread Group 1-89
2023-05-22 11:03:50,512 INFO o.a.j.t.JMeterThread: Thread finished: Thread Group 1-89
2023-05-22 11:03:50,513 INFO o.a.j.t.JMeterThread: Thread is done: Thread Group 1-48
2023-05-22 11:03:50,513 INFO o.a.j.t.JMeterThread: Thread finished: Thread Group 1-48
2023-05-22 11:03:50,513 INFO o.a.j.t.JMeterThread: Thread is done: Thread Group 1-55
2023-05-22 11:03:50,513 INFO o.a.j.t.JMeterThread: Thread finished: Thread Group 1-55
2023-05-22 11:03:50,514 INFO o.a.j.t.JMeterThread: Thread is done: Thread Group 1-86
2023-05-22 11:03:50,515 INFO o.a.j.t.JMeterThread: Thread finished: Thread Group 1-86
2023-05-22 11:03:50,516 INFO o.a.j.t.JMeterThread: Thread is done: Thread Group 1-37
2023-05-22 11:03:50,516 INFO o.a.j.t.JMeterThread: Thread finished: Thread Group 1-37
2023-05-22 11:03:50,518 INFO o.a.j.t.JMeterThread: Thread is done: Thread Group 1-80
2023-05-22 11:03:50,518 INFO o.a.j.t.JMeterThread: Thread finished: Thread Group 1-80
2023-05-22 11:03:50,519 INFO o.a.j.t.JMeterThread: Thread is done: Thread Group 1-79
2023-05-22 11:03:50,519 INFO o.a.j.t.JMeterThread: Thread finished: Thread Group 1-79
2023-05-22 11:03:50,520 INFO o.a.j.t.JMeterThread: Thread is done: Thread Group 1-44
2023-05-22 11:03:50,520 INFO o.a.j.t.JMeterThread: Thread finished: Thread Group 1-44
2023-05-22 11:03:50,521 INFO o.a.j.t.JMeterThread: Thread is done: Thread Group 1-36
2023-05-22 11:03:50,521 INFO o.a.j.t.JMeterThread: Thread finished: Thread Group 1-36
2023-05-22 11:03:50,523 INFO o.a.j.t.JMeterThread: Thread is done: Thread Group 1-26
2023-05-22 11:03:50,523 INFO o.a.j.t.JMeterThread: Thread finished: Thread Group 1-26
2023-05-22 11:03:50,523 INFO o.a.j.t.JMeterThread: Thread is done: Thread Group 1-6
2023-05-22 11:03:50,524 INFO o.a.j.t.JMeterThread: Thread finished: Thread Group 1-6
2023-05-22 11:03:50,539 INFO o.a.j.t.JMeterThread: Thread is done: Thread Group 1-14
2023-05-22 11:03:50,539 INFO o.a.j.t.JMeterThread: Thread finished: Thread Group 1-14
2023-05-22 11:03:50,547 INFO o.a.j.t.JMeterThread: Thread is done: Thread Group 1-16
2023-05-22 11:03:50,547 INFO o.a.j.t.JMeterThread: Thread finished: Thread Group 1-16
2023-05-22 11:03:50,547 INFO o.a.j.t.JMeterThread: Thread is done: Thread Group 1-84
2023-05-22 11:03:50,548 INFO o.a.j.t.JMeterThread: Thread finished: Thread Group 1-84
2023-05-22 11:03:50,553 INFO o.a.j.t.JMeterThread: Thread is done: Thread Group 1-52
2023-05-22 11:03:50,553 INFO o.a.j.t.JMeterThread: Thread finished: Thread Group 1-52
2023-05-22 11:03:50,553 INFO o.a.j.t.JMeterThread: Thread is done: Thread Group 1-24
2023-05-22 11:03:50,554 INFO o.a.j.t.JMeterThread: Thread finished: Thread Group 1-24
2023-05-22 11:03:50,554 INFO o.a.j.t.JMeterThread: Thread is done: Thread Group 1-32
2023-05-22 11:03:50,555 INFO o.a.j.t.JMeterThread: Thread finished: Thread Group 1-32
2023-05-22 11:03:50,570 INFO o.a.j.t.JMeterThread: Thread is done: Thread Group 1-60
2023-05-22 11:03:50,570 INFO o.a.j.t.JMeterThread: Thread finished: Thread Group 1-60
2023-05-22 11:03:50,573 INFO o.a.j.t.JMeterThread: Thread is done: Thread Group 1-18
2023-05-22 11:03:50,573 INFO o.a.j.t.JMeterThread: Thread finished: Thread Group 1-18
2023-05-22 11:03:50,579 INFO o.a.j.t.JMeterThread: Thread is done: Thread Group 1-92
2023-05-22 11:03:50,580 INFO o.a.j.t.JMeterThread: Thread finished: Thread Group 1-92
2023-05-22 11:03:50,586 INFO o.a.j.t.JMeterThread: Thread is done: Thread Group 1-5
2023-05-22 11:03:50,587 INFO o.a.j.t.JMeterThread: Thread is done: Thread Group 1-42
2023-05-22 11:03:50,587 INFO o.a.j.t.JMeterThread: Thread finished: Thread Group 1-5
2023-05-22 11:03:50,587 INFO o.a.j.t.JMeterThread: Thread finished: Thread Group 1-42
2023-05-22 11:03:50,589 INFO o.a.j.t.JMeterThread: Thread is done: Thread Group 1-3
2023-05-22 11:03:50,589 INFO o.a.j.t.JMeterThread: Thread finished: Thread Group 1-3
2023-05-22 11:03:50,590 INFO o.a.j.t.JMeterThread: Thread is done: Thread Group 1-46
2023-05-22 11:03:50,590 INFO o.a.j.t.JMeterThread: Thread finished: Thread Group 1-46
2023-05-22 11:03:50,594 INFO o.a.j.t.JMeterThread: Thread is done: Thread Group 1-49
2023-05-22 11:03:50,594 INFO o.a.j.t.JMeterThread: Thread finished: Thread Group 1-49
2023-05-22 11:03:50,597 INFO o.a.j.t.JMeterThread: Thread is done: Thread Group 1-100
2023-05-22 11:03:50,597 INFO o.a.j.t.JMeterThread: Thread is done: Thread Group 1-64
2023-05-22 11:03:50,598 INFO o.a.j.t.JMeterThread: Thread finished: Thread Group 1-100
2023-05-22 11:03:50,599 INFO o.a.j.t.JMeterThread: Thread finished: Thread Group 1-64
2023-05-22 11:03:50,600 INFO o.a.j.t.JMeterThread: Thread is done: Thread Group 1-78
2023-05-22 11:03:50,600 INFO o.a.j.t.JMeterThread: Thread finished: Thread Group 1-78
2023-05-22 11:03:50,601 INFO o.a.j.t.JMeterThread: Thread is done: Thread Group 1-19
2023-05-22 11:03:50,602 INFO o.a.j.t.JMeterThread: Thread finished: Thread Group 1-19
2023-05-22 11:03:50,602 INFO o.a.j.t.JMeterThread: Thread is done: Thread Group 1-97
2023-05-22 11:03:50,602 INFO o.a.j.t.JMeterThread: Thread finished: Thread Group 1-97
2023-05-22 11:03:50,604 INFO o.a.j.t.JMeterThread: Thread is done: Thread Group 1-45
2023-05-22 11:03:50,605 INFO o.a.j.t.JMeterThread: Thread is done: Thread Group 1-1
2023-05-22 11:03:50,605 INFO o.a.j.t.JMeterThread: Thread finished: Thread Group 1-45
2023-05-22 11:03:50,605 INFO o.a.j.t.JMeterThread: Thread finished: Thread Group 1-1
2023-05-22 11:03:50,606 INFO o.a.j.t.JMeterThread: Thread is done: Thread Group 1-38
2023-05-22 11:03:50,606 INFO o.a.j.t.JMeterThread: Thread finished: Thread Group 1-38
2023-05-22 11:03:50,607 INFO o.a.j.t.JMeterThread: Thread is done: Thread Group 1-93
2023-05-22 11:03:50,607 INFO o.a.j.t.JMeterThread: Thread finished: Thread Group 1-93
2023-05-22 11:03:50,608 INFO o.a.j.t.JMeterThread: Thread is done: Thread Group 1-91
2023-05-22 11:03:50,608 INFO o.a.j.t.JMeterThread: Thread finished: Thread Group 1-91
2023-05-22 11:03:50,610 INFO o.a.j.t.JMeterThread: Thread is done: Thread Group 1-66
2023-05-22 11:03:50,610 INFO o.a.j.t.JMeterThread: Thread finished: Thread Group 1-66
2023-05-22 11:03:50,610 INFO o.a.j.t.JMeterThread: Thread is done: Thread Group 1-59
2023-05-22 11:03:50,611 INFO o.a.j.t.JMeterThread: Thread finished: Thread Group 1-59
2023-05-22 11:03:50,611 INFO o.a.j.t.JMeterThread: Thread is done: Thread Group 1-95
2023-05-22 11:03:50,611 INFO o.a.j.t.JMeterThread: Thread finished: Thread Group 1-95
2023-05-22 11:03:50,613 INFO o.a.j.t.JMeterThread: Thread is done: Thread Group 1-39
2023-05-22 11:03:50,613 INFO o.a.j.t.JMeterThread: Thread finished: Thread Group 1-39
2023-05-22 11:03:50,615 INFO o.a.j.t.JMeterThread: Thread is done: Thread Group 1-4
2023-05-22 11:03:50,615 INFO o.a.j.t.JMeterThread: Thread is done: Thread Group 1-81
2023-05-22 11:03:50,615 INFO o.a.j.t.JMeterThread: Thread finished: Thread Group 1-81
2023-05-22 11:03:50,616 INFO o.a.j.t.JMeterThread: Thread finished: Thread Group 1-4
2023-05-22 11:03:50,617 INFO o.a.j.t.JMeterThread: Thread is done: Thread Group 1-65
2023-05-22 11:03:50,617 INFO o.a.j.t.JMeterThread: Thread finished: Thread Group 1-65
2023-05-22 11:03:50,617 INFO o.a.j.t.JMeterThread: Thread is done: Thread Group 1-88
2023-05-22 11:03:50,617 INFO o.a.j.t.JMeterThread: Thread finished: Thread Group 1-88
2023-05-22 11:03:50,619 INFO o.a.j.t.JMeterThread: Thread is done: Thread Group 1-22
2023-05-22 11:03:50,619 INFO o.a.j.t.JMeterThread: Thread finished: Thread Group 1-22
2023-05-22 11:03:50,620 INFO o.a.j.t.JMeterThread: Thread is done: Thread Group 1-27
2023-05-22 11:03:50,620 INFO o.a.j.t.JMeterThread: Thread finished: Thread Group 1-27
2023-05-22 11:03:50,621 INFO o.a.j.t.JMeterThread: Thread is done: Thread Group 1-35
2023-05-22 11:03:50,621 INFO o.a.j.t.JMeterThread: Thread finished: Thread Group 1-35
2023-05-22 11:03:50,622 INFO o.a.j.t.JMeterThread: Thread is done: Thread Group 1-94
2023-05-22 11:03:50,623 INFO o.a.j.t.JMeterThread: Thread finished: Thread Group 1-94
2023-05-22 11:03:50,624 INFO o.a.j.t.JMeterThread: Thread is done: Thread Group 1-40
2023-05-22 11:03:50,624 INFO o.a.j.t.JMeterThread: Thread finished: Thread Group 1-40
2023-05-22 11:03:50,625 INFO o.a.j.t.JMeterThread: Thread is done: Thread Group 1-90
2023-05-22 11:03:50,626 INFO o.a.j.t.JMeterThread: Thread finished: Thread Group 1-90
2023-05-22 11:03:50,628 INFO o.a.j.t.JMeterThread: Thread is done: Thread Group 1-30
2023-05-22 11:03:50,628 INFO o.a.j.t.JMeterThread: Thread finished: Thread Group 1-30
2023-05-22 11:03:50,630 INFO o.a.j.t.JMeterThread: Thread is done: Thread Group 1-20
2023-05-22 11:03:50,630 INFO o.a.j.t.JMeterThread: Thread finished: Thread Group 1-20
2023-05-22 11:03:50,636 INFO o.a.j.t.JMeterThread: Thread is done: Thread Group 1-21
2023-05-22 11:03:50,637 INFO o.a.j.t.JMeterThread: Thread finished: Thread Group 1-21
2023-05-22 11:03:50,638 INFO o.a.j.t.JMeterThread: Thread is done: Thread Group 1-83
2023-05-22 11:03:50,638 INFO o.a.j.t.JMeterThread: Thread finished: Thread Group 1-83
2023-05-22 11:03:50,639 INFO o.a.j.t.JMeterThread: Thread is done: Thread Group 1-69
2023-05-22 11:03:50,640 INFO o.a.j.t.JMeterThread: Thread finished: Thread Group 1-69
2023-05-22 11:03:50,646 INFO o.a.j.t.JMeterThread: Thread is done: Thread Group 1-13
2023-05-22 11:03:50,647 INFO o.a.j.t.JMeterThread: Thread finished: Thread Group 1-13
2023-05-22 11:03:50,652 INFO o.a.j.t.JMeterThread: Thread is done: Thread Group 1-41
2023-05-22 11:03:50,652 INFO o.a.j.t.JMeterThread: Thread finished: Thread Group 1-41
2023-05-22 11:03:50,663 INFO o.a.j.t.JMeterThread: Thread is done: Thread Group 1-9
2023-05-22 11:03:50,663 INFO o.a.j.t.JMeterThread: Thread finished: Thread Group 1-9
2023-05-22 11:03:50,783 INFO o.a.j.e.StandardJMeterEngine: Notifying test listeners of end of test
2023-05-22 11:03:50,784 INFO o.a.j.g.u.JMeterMenuBar: setRunning(false, *local*)
2023-05-22 11:06:05,773 INFO o.a.j.e.StandardJMeterEngine: Running the test!
2023-05-22 11:06:05,788 INFO o.a.j.s.SampleEvent: List of sample_variables: []
2023-05-22 11:06:05,790 INFO o.a.j.g.u.JMeterMenuBar: setRunning(true, *local*)
2023-05-22 11:06:05,939 INFO o.a.j.e.StandardJMeterEngine: Starting ThreadGroup: 1 : Thread Group
2023-05-22 11:06:05,939 INFO o.a.j.e.StandardJMeterEngine: Starting 1 threads for group Thread Group.
2023-05-22 11:06:05,939 INFO o.a.j.e.StandardJMeterEngine: Thread will continue on error
2023-05-22 11:06:05,940 INFO o.a.j.t.ThreadGroup: Starting thread group... number=1 threads=1 ramp-up=1 delayedStart=false
2023-05-22 11:06:05,942 INFO o.a.j.t.ThreadGroup: Started thread group number 1
2023-05-22 11:06:05,942 INFO o.a.j.e.StandardJMeterEngine: All thread groups have been started
2023-05-22 11:06:05,942 INFO o.a.j.t.JMeterThread: Thread started: Thread Group 1-1
2023-05-22 11:06:05,947 INFO o.a.j.t.JMeterThread: Thread is done: Thread Group 1-1
2023-05-22 11:06:05,948 INFO o.a.j.t.JMeterThread: Thread finished: Thread Group 1-1
2023-05-22 11:06:05,949 INFO o.a.j.e.StandardJMeterEngine: Notifying test listeners of end of test
2023-05-22 11:06:05,949 INFO o.a.j.g.u.JMeterMenuBar: setRunning(false, *local*)
2023-05-22 11:06:54,071 INFO o.a.j.g.a.Load: Loading file: /Users/petia/IdeaProjects/apache-jmeter-5.5/bin/View Results Tree.jmx
2023-05-22 11:06:54,084 INFO o.a.j.s.FileServer: Set new base='/Users/petia/IdeaProjects/apache-jmeter-5.5/bin'
2023-05-22 11:06:54,084 INFO o.a.j.s.SaveService: Loading file: /Users/petia/IdeaProjects/apache-jmeter-5.5/bin/View Results Tree.jmx
2023-05-22 11:06:54,179 INFO o.a.j.v.ViewResultsFullVisualizer: Add JavaFX to your Java installation if you want to use renderer: org.apache.jmeter.visualizers.RenderInBrowser
2023-05-22 11:06:54,298 INFO o.a.j.s.FileServer: Set new base='/Users/petia/IdeaProjects/apache-jmeter-5.5/bin'
