Analysis & Synthesis report for Lab10_20
Sat Apr 13 12:53:31 2024
Quartus II Version 9.1 Build 222 10/21/2009 SJ Web Edition


---------------------
; Table of Contents ;
---------------------
  1. Legal Notice
  2. Analysis & Synthesis Summary
  3. Analysis & Synthesis Settings
  4. Parallel Compilation
  5. Analysis & Synthesis Source Files Read
  6. Analysis & Synthesis Resource Usage Summary
  7. Analysis & Synthesis Resource Utilization by Entity
  8. General Register Statistics
  9. Parameter Settings for User Entity Instance: lpm_bustri0:inst7|lpm_bustri:lpm_bustri_component
 10. Parameter Settings for User Entity Instance: lpm_constant1:inst16|lpm_constant:lpm_constant_component
 11. Parameter Settings for User Entity Instance: lpm_bustri0:inst8|lpm_bustri:lpm_bustri_component
 12. Parameter Settings for User Entity Instance: lpm_constant2:inst17|lpm_constant:lpm_constant_component
 13. Parameter Settings for User Entity Instance: lpm_bustri0:inst9|lpm_bustri:lpm_bustri_component
 14. Parameter Settings for User Entity Instance: lpm_constant3:inst21|lpm_constant:lpm_constant_component
 15. Parameter Settings for User Entity Instance: lpm_bustri0:inst10|lpm_bustri:lpm_bustri_component
 16. Parameter Settings for User Entity Instance: lpm_constant0:inst23|lpm_constant:lpm_constant_component
 17. Analysis & Synthesis Messages



----------------
; Legal Notice ;
----------------
Copyright (C) 1991-2009 Altera Corporation
Your use of Altera Corporation's design tools, logic functions 
and other software and tools, and its AMPP partner logic 
functions, and any output files from any of the foregoing 
(including device programming or simulation files), and any 
associated documentation or information are expressly subject 
to the terms and conditions of the Altera Program License 
Subscription Agreement, Altera MegaCore Function License 
Agreement, or other applicable license agreement, including, 
without limitation, that your use is for the sole purpose of 
programming logic devices manufactured by Altera and sold by 
Altera or its authorized distributors.  Please refer to the 
applicable agreement for further details.



+-------------------------------------------------------------------------+
; Analysis & Synthesis Summary                                            ;
+-------------------------------+-----------------------------------------+
; Analysis & Synthesis Status   ; Successful - Sat Apr 13 12:53:31 2024   ;
; Quartus II Version            ; 9.1 Build 222 10/21/2009 SJ Web Edition ;
; Revision Name                 ; Lab10_20                                ;
; Top-level Entity Name         ; MACHINE_A5                              ;
; Family                        ; Stratix II                              ;
; Logic utilization             ; N/A                                     ;
;     Combinational ALUTs       ; 3                                       ;
;     Dedicated logic registers ; 0                                       ;
; Total registers               ; 0                                       ;
; Total pins                    ; 6                                       ;
; Total virtual pins            ; 0                                       ;
; Total block memory bits       ; 0                                       ;
; DSP block 9-bit elements      ; 0                                       ;
; Total PLLs                    ; 0                                       ;
; Total DLLs                    ; 0                                       ;
+-------------------------------+-----------------------------------------+


+----------------------------------------------------------------------------------------------------------------------+
; Analysis & Synthesis Settings                                                                                        ;
+----------------------------------------------------------------------------+--------------------+--------------------+
; Option                                                                     ; Setting            ; Default Value      ;
+----------------------------------------------------------------------------+--------------------+--------------------+
; Top-level entity name                                                      ; MACHINE_A5         ; Lab10_20           ;
; Family name                                                                ; Stratix II         ; Stratix II         ;
; Use Generated Physical Constraints File                                    ; Off                ;                    ;
; Use smart compilation                                                      ; Off                ; Off                ;
; Enable parallel Assembler and TimeQuest Timing Analyzer during compilation ; On                 ; On                 ;
; Enable compact report table                                                ; Off                ; Off                ;
; Restructure Multiplexers                                                   ; Auto               ; Auto               ;
; Create Debugging Nodes for IP Cores                                        ; Off                ; Off                ;
; Preserve fewer node names                                                  ; On                 ; On                 ;
; Disable OpenCore Plus hardware evaluation                                  ; Off                ; Off                ;
; Verilog Version                                                            ; Verilog_2001       ; Verilog_2001       ;
; VHDL Version                                                               ; VHDL_1993          ; VHDL_1993          ;
; State Machine Processing                                                   ; Auto               ; Auto               ;
; Safe State Machine                                                         ; Off                ; Off                ;
; Extract Verilog State Machines                                             ; On                 ; On                 ;
; Extract VHDL State Machines                                                ; On                 ; On                 ;
; Ignore Verilog initial constructs                                          ; Off                ; Off                ;
; Iteration limit for constant Verilog loops                                 ; 5000               ; 5000               ;
; Iteration limit for non-constant Verilog loops                             ; 250                ; 250                ;
; Add Pass-Through Logic to Inferred RAMs                                    ; On                 ; On                 ;
; Parallel Synthesis                                                         ; On                 ; On                 ;
; DSP Block Balancing                                                        ; Auto               ; Auto               ;
; NOT Gate Push-Back                                                         ; On                 ; On                 ;
; Power-Up Don't Care                                                        ; On                 ; On                 ;
; Remove Redundant Logic Cells                                               ; Off                ; Off                ;
; Remove Duplicate Registers                                                 ; On                 ; On                 ;
; Ignore CARRY Buffers                                                       ; Off                ; Off                ;
; Ignore CASCADE Buffers                                                     ; Off                ; Off                ;
; Ignore GLOBAL Buffers                                                      ; Off                ; Off                ;
; Ignore ROW GLOBAL Buffers                                                  ; Off                ; Off                ;
; Ignore LCELL Buffers                                                       ; Off                ; Off                ;
; Ignore SOFT Buffers                                                        ; On                 ; On                 ;
; Limit AHDL Integers to 32 Bits                                             ; Off                ; Off                ;
; Optimization Technique                                                     ; Balanced           ; Balanced           ;
; Carry Chain Length                                                         ; 70                 ; 70                 ;
; Auto Carry Chains                                                          ; On                 ; On                 ;
; Auto Open-Drain Pins                                                       ; On                 ; On                 ;
; Perform WYSIWYG Primitive Resynthesis                                      ; Off                ; Off                ;
; Auto ROM Replacement                                                       ; On                 ; On                 ;
; Auto RAM Replacement                                                       ; On                 ; On                 ;
; Auto DSP Block Replacement                                                 ; On                 ; On                 ;
; Auto Shift Register Replacement                                            ; Auto               ; Auto               ;
; Auto Clock Enable Replacement                                              ; On                 ; On                 ;
; Strict RAM Replacement                                                     ; Off                ; Off                ;
; Allow Synchronous Control Signals                                          ; On                 ; On                 ;
; Force Use of Synchronous Clear Signals                                     ; Off                ; Off                ;
; Auto RAM Block Balancing                                                   ; On                 ; On                 ;
; Auto RAM to Logic Cell Conversion                                          ; Off                ; Off                ;
; Auto Resource Sharing                                                      ; Off                ; Off                ;
; Allow Any RAM Size For Recognition                                         ; Off                ; Off                ;
; Allow Any ROM Size For Recognition                                         ; Off                ; Off                ;
; Allow Any Shift Register Size For Recognition                              ; Off                ; Off                ;
; Use LogicLock Constraints during Resource Balancing                        ; On                 ; On                 ;
; Ignore translate_off and synthesis_off directives                          ; Off                ; Off                ;
; Timing-Driven Synthesis                                                    ; Off                ; Off                ;
; Show Parameter Settings Tables in Synthesis Report                         ; On                 ; On                 ;
; Ignore Maximum Fan-Out Assignments                                         ; Off                ; Off                ;
; Synchronization Register Chain Length                                      ; 2                  ; 2                  ;
; PowerPlay Power Optimization                                               ; Normal compilation ; Normal compilation ;
; HDL message level                                                          ; Level2             ; Level2             ;
; Suppress Register Optimization Related Messages                            ; Off                ; Off                ;
; Number of Removed Registers Reported in Synthesis Report                   ; 100                ; 100                ;
; Number of Inverted Registers Reported in Synthesis Report                  ; 100                ; 100                ;
; Clock MUX Protection                                                       ; On                 ; On                 ;
; Auto Gated Clock Conversion                                                ; Off                ; Off                ;
; Block Design Naming                                                        ; Auto               ; Auto               ;
; SDC constraint protection                                                  ; Off                ; Off                ;
; Synthesis Effort                                                           ; Auto               ; Auto               ;
; Shift Register Replacement - Allow Asynchronous Clear Signal               ; On                 ; On                 ;
; Analysis & Synthesis Message Level                                         ; Medium             ; Medium             ;
; Disable Register Merging Across Hierarchies                                ; Auto               ; Auto               ;
; Resource Aware Inference For Block RAM                                     ; On                 ; On                 ;
+----------------------------------------------------------------------------+--------------------+--------------------+


Parallel compilation was disabled, but you have multiple processors available. Enable parallel compilation to reduce compilation time.
+-------------------------------------+
; Parallel Compilation                ;
+----------------------------+--------+
; Processors                 ; Number ;
+----------------------------+--------+
; Number detected on machine ; 4      ;
; Maximum allowed            ; 1      ;
+----------------------------+--------+


+---------------------------------------------------------------------------------------------------------------------------------------------------------+
; Analysis & Synthesis Source Files Read                                                                                                                  ;
+----------------------------------+-----------------+------------------------------------+---------------------------------------------------------------+
; File Name with User-Entered Path ; Used in Netlist ; File Type                          ; File Name with Absolute Path                                  ;
+----------------------------------+-----------------+------------------------------------+---------------------------------------------------------------+
; MACHINE_A5.bdf                   ; yes             ; User Block Diagram/Schematic File  ; D:/уник/3 курс/6 сем/СИФО/4 lab/Lab10/MACHINE_A5.bdf          ;
; lpm_bustri0.tdf                  ; yes             ; Auto-Found Wizard-Generated File   ; D:/уник/3 курс/6 сем/СИФО/4 lab/Lab10/lpm_bustri0.tdf         ;
; lpm_bustri.inc                   ; yes             ; Auto-Found AHDL File               ; c:/altera/91/quartus/libraries/megafunctions/lpm_bustri.inc   ;
; lpm_bustri.tdf                   ; yes             ; Megafunction                       ; c:/altera/91/quartus/libraries/megafunctions/lpm_bustri.tdf   ;
; lpm_constant1.tdf                ; yes             ; Auto-Found Wizard-Generated File   ; D:/уник/3 курс/6 сем/СИФО/4 lab/Lab10/lpm_constant1.tdf       ;
; lpm_constant.inc                 ; yes             ; Auto-Found AHDL File               ; c:/altera/91/quartus/libraries/megafunctions/lpm_constant.inc ;
; lpm_constant.tdf                 ; yes             ; Megafunction                       ; c:/altera/91/quartus/libraries/megafunctions/lpm_constant.tdf ;
; lpm_constant2.tdf                ; yes             ; Auto-Found Wizard-Generated File   ; D:/уник/3 курс/6 сем/СИФО/4 lab/Lab10/lpm_constant2.tdf       ;
; lpm_constant3.tdf                ; yes             ; Auto-Found Wizard-Generated File   ; D:/уник/3 курс/6 сем/СИФО/4 lab/Lab10/lpm_constant3.tdf       ;
; lpm_constant0.tdf                ; yes             ; Auto-Found Wizard-Generated File   ; D:/уник/3 курс/6 сем/СИФО/4 lab/Lab10/lpm_constant0.tdf       ;
+----------------------------------+-----------------+------------------------------------+---------------------------------------------------------------+


+--------------------------------------------------------+
; Analysis & Synthesis Resource Usage Summary            ;
+-----------------------------------------------+--------+
; Resource                                      ; Usage  ;
+-----------------------------------------------+--------+
; Estimated ALUTs Used                          ; 3      ;
; Dedicated logic registers                     ; 0      ;
;                                               ;        ;
; Estimated ALUTs Unavailable                   ; 0      ;
;                                               ;        ;
; Total combinational functions                 ; 3      ;
; Combinational ALUT usage by number of inputs  ;        ;
;     -- 7 input functions                      ; 0      ;
;     -- 6 input functions                      ; 0      ;
;     -- 5 input functions                      ; 0      ;
;     -- 4 input functions                      ; 3      ;
;     -- <=3 input functions                    ; 0      ;
;                                               ;        ;
; Combinational ALUTs by mode                   ;        ;
;     -- normal mode                            ; 3      ;
;     -- extended LUT mode                      ; 0      ;
;     -- arithmetic mode                        ; 0      ;
;     -- shared arithmetic mode                 ; 0      ;
;                                               ;        ;
; Estimated ALUT/register pairs used            ; 3      ;
;                                               ;        ;
; Total registers                               ; 0      ;
;     -- Dedicated logic registers              ; 0      ;
;     -- I/O registers                          ; 0      ;
;                                               ;        ;
; Estimated ALMs:  partially or completely used ; 2      ;
;                                               ;        ;
; I/O pins                                      ; 6      ;
; Maximum fan-out node                          ; result ;
; Maximum fan-out                               ; 3      ;
; Total fan-out                                 ; 16     ;
; Average fan-out                               ; 1.78   ;
+-----------------------------------------------+--------+


+------------------------------------------------------------------------------------------------------------------------------------------------------------------------------------------------------------------------------------------------------+
; Analysis & Synthesis Resource Utilization by Entity                                                                                                                                                                                                  ;
+-----------------------------------------+-------------------+--------------+-------------------+--------------+---------+-----------+-----------+------+--------------+---------------------------------------------------------------+--------------+
; Compilation Hierarchy Node              ; LC Combinationals ; LC Registers ; Block Memory Bits ; DSP Elements ; DSP 9x9 ; DSP 18x18 ; DSP 36x36 ; Pins ; Virtual Pins ; Full Hierarchy Name                                           ; Library Name ;
+-----------------------------------------+-------------------+--------------+-------------------+--------------+---------+-----------+-----------+------+--------------+---------------------------------------------------------------+--------------+
; |MACHINE_A5                             ; 3 (0)             ; 0 (0)        ; 0                 ; 0            ; 0       ; 0         ; 0         ; 6    ; 0            ; |MACHINE_A5                                                   ; work         ;
;    |lpm_bustri0:inst7|                  ; 3 (0)             ; 0 (0)        ; 0                 ; 0            ; 0       ; 0         ; 0         ; 0    ; 0            ; |MACHINE_A5|lpm_bustri0:inst7                                 ;              ;
;       |lpm_bustri:lpm_bustri_component| ; 3 (3)             ; 0 (0)        ; 0                 ; 0            ; 0       ; 0         ; 0         ; 0    ; 0            ; |MACHINE_A5|lpm_bustri0:inst7|lpm_bustri:lpm_bustri_component ; work         ;
+-----------------------------------------+-------------------+--------------+-------------------+--------------+---------+-----------+-----------+------+--------------+---------------------------------------------------------------+--------------+
Note: For table entries with two numbers listed, the numbers in parentheses indicate the number of resources of the given type used by the specific entity alone. The numbers listed outside of parentheses indicate the total resources of the given type used by the specific entity and all of its sub-entities in the hierarchy.


+------------------------------------------------------+
; General Register Statistics                          ;
+----------------------------------------------+-------+
; Statistic                                    ; Value ;
+----------------------------------------------+-------+
; Total registers                              ; 0     ;
; Number of registers using Synchronous Clear  ; 0     ;
; Number of registers using Synchronous Load   ; 0     ;
; Number of registers using Asynchronous Clear ; 0     ;
; Number of registers using Asynchronous Load  ; 0     ;
; Number of registers using Clock Enable       ; 0     ;
; Number of registers using Preset             ; 0     ;
+----------------------------------------------+-------+


+------------------------------------------------------------------------------------------------+
; Parameter Settings for User Entity Instance: lpm_bustri0:inst7|lpm_bustri:lpm_bustri_component ;
+----------------+-------+-----------------------------------------------------------------------+
; Parameter Name ; Value ; Type                                                                  ;
+----------------+-------+-----------------------------------------------------------------------+
; LPM_WIDTH      ; 2     ; Untyped                                                               ;
+----------------+-------+-----------------------------------------------------------------------+
Note: In order to hide this table in the UI and the text report file, please set the "Show Parameter Settings Tables in Synthesis Report" option in "Analysis and Synthesis Settings -> More Settings" to "Off".


+-------------------------------------------------------------------------------------------------------+
; Parameter Settings for User Entity Instance: lpm_constant1:inst16|lpm_constant:lpm_constant_component ;
+--------------------+------------------+---------------------------------------------------------------+
; Parameter Name     ; Value            ; Type                                                          ;
+--------------------+------------------+---------------------------------------------------------------+
; LPM_WIDTH          ; 2                ; Untyped                                                       ;
; LPM_CVALUE         ; 0                ; Untyped                                                       ;
; ENABLE_RUNTIME_MOD ; NO               ; Untyped                                                       ;
; CBXI_PARAMETER     ; lpm_constant_4e6 ; Untyped                                                       ;
+--------------------+------------------+---------------------------------------------------------------+
Note: In order to hide this table in the UI and the text report file, please set the "Show Parameter Settings Tables in Synthesis Report" option in "Analysis and Synthesis Settings -> More Settings" to "Off".


+------------------------------------------------------------------------------------------------+
; Parameter Settings for User Entity Instance: lpm_bustri0:inst8|lpm_bustri:lpm_bustri_component ;
+----------------+-------+-----------------------------------------------------------------------+
; Parameter Name ; Value ; Type                                                                  ;
+----------------+-------+-----------------------------------------------------------------------+
; LPM_WIDTH      ; 2     ; Untyped                                                               ;
+----------------+-------+-----------------------------------------------------------------------+
Note: In order to hide this table in the UI and the text report file, please set the "Show Parameter Settings Tables in Synthesis Report" option in "Analysis and Synthesis Settings -> More Settings" to "Off".


+-------------------------------------------------------------------------------------------------------+
; Parameter Settings for User Entity Instance: lpm_constant2:inst17|lpm_constant:lpm_constant_component ;
+--------------------+------------------+---------------------------------------------------------------+
; Parameter Name     ; Value            ; Type                                                          ;
+--------------------+------------------+---------------------------------------------------------------+
; LPM_WIDTH          ; 2                ; Untyped                                                       ;
; LPM_CVALUE         ; 1                ; Untyped                                                       ;
; ENABLE_RUNTIME_MOD ; NO               ; Untyped                                                       ;
; CBXI_PARAMETER     ; lpm_constant_5e6 ; Untyped                                                       ;
+--------------------+------------------+---------------------------------------------------------------+
Note: In order to hide this table in the UI and the text report file, please set the "Show Parameter Settings Tables in Synthesis Report" option in "Analysis and Synthesis Settings -> More Settings" to "Off".


+------------------------------------------------------------------------------------------------+
; Parameter Settings for User Entity Instance: lpm_bustri0:inst9|lpm_bustri:lpm_bustri_component ;
+----------------+-------+-----------------------------------------------------------------------+
; Parameter Name ; Value ; Type                                                                  ;
+----------------+-------+-----------------------------------------------------------------------+
; LPM_WIDTH      ; 2     ; Untyped                                                               ;
+----------------+-------+-----------------------------------------------------------------------+
Note: In order to hide this table in the UI and the text report file, please set the "Show Parameter Settings Tables in Synthesis Report" option in "Analysis and Synthesis Settings -> More Settings" to "Off".


+-------------------------------------------------------------------------------------------------------+
; Parameter Settings for User Entity Instance: lpm_constant3:inst21|lpm_constant:lpm_constant_component ;
+--------------------+------------------+---------------------------------------------------------------+
; Parameter Name     ; Value            ; Type                                                          ;
+--------------------+------------------+---------------------------------------------------------------+
; LPM_WIDTH          ; 2                ; Untyped                                                       ;
; LPM_CVALUE         ; 2                ; Untyped                                                       ;
; ENABLE_RUNTIME_MOD ; NO               ; Untyped                                                       ;
; CBXI_PARAMETER     ; lpm_constant_6e6 ; Untyped                                                       ;
+--------------------+------------------+---------------------------------------------------------------+
Note: In order to hide this table in the UI and the text report file, please set the "Show Parameter Settings Tables in Synthesis Report" option in "Analysis and Synthesis Settings -> More Settings" to "Off".


+-------------------------------------------------------------------------------------------------+
; Parameter Settings for User Entity Instance: lpm_bustri0:inst10|lpm_bustri:lpm_bustri_component ;
+----------------+-------+------------------------------------------------------------------------+
; Parameter Name ; Value ; Type                                                                   ;
+----------------+-------+------------------------------------------------------------------------+
; LPM_WIDTH      ; 2     ; Untyped                                                                ;
+----------------+-------+------------------------------------------------------------------------+
Note: In order to hide this table in the UI and the text report file, please set the "Show Parameter Settings Tables in Synthesis Report" option in "Analysis and Synthesis Settings -> More Settings" to "Off".


+-------------------------------------------------------------------------------------------------------+
; Parameter Settings for User Entity Instance: lpm_constant0:inst23|lpm_constant:lpm_constant_component ;
+--------------------+------------------+---------------------------------------------------------------+
; Parameter Name     ; Value            ; Type                                                          ;
+--------------------+------------------+---------------------------------------------------------------+
; LPM_WIDTH          ; 2                ; Untyped                                                       ;
; LPM_CVALUE         ; 3                ; Untyped                                                       ;
; ENABLE_RUNTIME_MOD ; NO               ; Untyped                                                       ;
; CBXI_PARAMETER     ; lpm_constant_7e6 ; Untyped                                                       ;
+--------------------+------------------+---------------------------------------------------------------+
Note: In order to hide this table in the UI and the text report file, please set the "Show Parameter Settings Tables in Synthesis Report" option in "Analysis and Synthesis Settings -> More Settings" to "Off".


+-------------------------------+
; Analysis & Synthesis Messages ;
+-------------------------------+
Info: *******************************************************************
Info: Running Quartus II Analysis & Synthesis
    Info: Version 9.1 Build 222 10/21/2009 SJ Web Edition
    Info: Processing started: Sat Apr 13 12:53:31 2024
Info: Command: quartus_map --read_settings_files=on --write_settings_files=off Lab10_20 -c Lab10_20
Info: Found 1 design units, including 1 entities, in source file pht.bdf
    Info: Found entity 1: PHT
Info: Found 1 design units, including 1 entities, in source file main.bdf
    Info: Found entity 1: MAIN
Info: Found 1 design units, including 1 entities, in source file predictor.bdf
    Info: Found entity 1: PREDICTOR
Info: Found 1 design units, including 1 entities, in source file sleep.bdf
    Info: Found entity 1: SLEEP
Info: Found 1 design units, including 1 entities, in source file template_formation.bdf
    Info: Found entity 1: TEMPLATE_FORMATION
Info: Found 1 design units, including 1 entities, in source file machine_a5.bdf
    Info: Found entity 1: MACHINE_A5
Info: Elaborating entity "MACHINE_A5" for the top level hierarchy
Warning: Block or symbol "NOT" of instance "inst12" overlaps another block or symbol
Warning: Block or symbol "NOT" of instance "inst15" overlaps another block or symbol
Warning: Block or symbol "NOT" of instance "inst31" overlaps another block or symbol
Warning: Block or symbol "NOT" of instance "inst39" overlaps another block or symbol
Warning: Using design file lpm_bustri0.tdf, which is not specified as a design file for the current project, but contains definitions for 1 design units and 1 entities in project
    Info: Found entity 1: lpm_bustri0
Info: Elaborating entity "lpm_bustri0" for hierarchy "lpm_bustri0:inst7"
Info: Elaborating entity "lpm_bustri" for hierarchy "lpm_bustri0:inst7|lpm_bustri:lpm_bustri_component"
Info: Elaborated megafunction instantiation "lpm_bustri0:inst7|lpm_bustri:lpm_bustri_component"
Info: Instantiated megafunction "lpm_bustri0:inst7|lpm_bustri:lpm_bustri_component" with the following parameter:
    Info: Parameter "LPM_TYPE" = "LPM_BUSTRI"
    Info: Parameter "LPM_WIDTH" = "2"
Warning: Using design file lpm_constant1.tdf, which is not specified as a design file for the current project, but contains definitions for 1 design units and 1 entities in project
    Info: Found entity 1: lpm_constant1
Info: Elaborating entity "lpm_constant1" for hierarchy "lpm_constant1:inst16"
Info: Elaborating entity "lpm_constant" for hierarchy "lpm_constant1:inst16|lpm_constant:lpm_constant_component"
Info: Elaborated megafunction instantiation "lpm_constant1:inst16|lpm_constant:lpm_constant_component"
Info: Instantiated megafunction "lpm_constant1:inst16|lpm_constant:lpm_constant_component" with the following parameter:
    Info: Parameter "LPM_TYPE" = "LPM_CONSTANT"
    Info: Parameter "LPM_HINT" = "ENABLE_RUNTIME_MOD=NO"
    Info: Parameter "LPM_WIDTH" = "2"
    Info: Parameter "LPM_CVALUE" = "0"
Warning: Using design file lpm_constant2.tdf, which is not specified as a design file for the current project, but contains definitions for 1 design units and 1 entities in project
    Info: Found entity 1: lpm_constant2
Info: Elaborating entity "lpm_constant2" for hierarchy "lpm_constant2:inst17"
Info: Elaborating entity "lpm_constant" for hierarchy "lpm_constant2:inst17|lpm_constant:lpm_constant_component"
Info: Elaborated megafunction instantiation "lpm_constant2:inst17|lpm_constant:lpm_constant_component"
Info: Instantiated megafunction "lpm_constant2:inst17|lpm_constant:lpm_constant_component" with the following parameter:
    Info: Parameter "LPM_TYPE" = "LPM_CONSTANT"
    Info: Parameter "LPM_HINT" = "ENABLE_RUNTIME_MOD=NO"
    Info: Parameter "LPM_WIDTH" = "2"
    Info: Parameter "LPM_CVALUE" = "1"
Warning: Using design file lpm_constant3.tdf, which is not specified as a design file for the current project, but contains definitions for 1 design units and 1 entities in project
    Info: Found entity 1: lpm_constant3
Info: Elaborating entity "lpm_constant3" for hierarchy "lpm_constant3:inst21"
Info: Elaborating entity "lpm_constant" for hierarchy "lpm_constant3:inst21|lpm_constant:lpm_constant_component"
Info: Elaborated megafunction instantiation "lpm_constant3:inst21|lpm_constant:lpm_constant_component"
Info: Instantiated megafunction "lpm_constant3:inst21|lpm_constant:lpm_constant_component" with the following parameter:
    Info: Parameter "LPM_TYPE" = "LPM_CONSTANT"
    Info: Parameter "LPM_HINT" = "ENABLE_RUNTIME_MOD=NO"
    Info: Parameter "LPM_WIDTH" = "2"
    Info: Parameter "LPM_CVALUE" = "2"
Warning: Using design file lpm_constant0.tdf, which is not specified as a design file for the current project, but contains definitions for 1 design units and 1 entities in project
    Info: Found entity 1: lpm_constant0
Info: Elaborating entity "lpm_constant0" for hierarchy "lpm_constant0:inst23"
Info: Elaborating entity "lpm_constant" for hierarchy "lpm_constant0:inst23|lpm_constant:lpm_constant_component"
Info: Elaborated megafunction instantiation "lpm_constant0:inst23|lpm_constant:lpm_constant_component"
Info: Instantiated megafunction "lpm_constant0:inst23|lpm_constant:lpm_constant_component" with the following parameter:
    Info: Parameter "LPM_TYPE" = "LPM_CONSTANT"
    Info: Parameter "LPM_HINT" = "ENABLE_RUNTIME_MOD=NO"
    Info: Parameter "LPM_WIDTH" = "2"
    Info: Parameter "LPM_CVALUE" = "3"
Info: Implemented 9 device resources after synthesis - the final resource count might be different
    Info: Implemented 4 input pins
    Info: Implemented 2 output pins
    Info: Implemented 3 logic cells
Info: Quartus II Analysis & Synthesis was successful. 0 errors, 9 warnings
    Info: Peak virtual memory: 215 megabytes
    Info: Processing ended: Sat Apr 13 12:53:31 2024
    Info: Elapsed time: 00:00:00
    Info: Total CPU time (on all processors): 00:00:01


