Classic Timing Analyzer report for Lab10_20
Sat Apr 13 12:53:37 2024
Quartus II Version 9.1 Build 222 10/21/2009 SJ Web Edition


---------------------
; Table of Contents ;
---------------------
  1. Legal Notice
  2. Timing Analyzer Summary
  3. Timing Analyzer Settings
  4. Parallel Compilation
  5. tpd
  6. Timing Analyzer Messages



----------------
; Legal Notice ;
----------------
Copyright (C) 1991-2009 Altera Corporation
Your use of Altera Corporation's design tools, logic functions 
and other software and tools, and its AMPP partner logic 
functions, and any output files from any of the foregoing 
(including device programming or simulation files), and any 
associated documentation or information are expressly subject 
to the terms and conditions of the Altera Program License 
Subscription Agreement, Altera MegaCore Function License 
Agreement, or other applicable license agreement, including, 
without limitation, that your use is for the sole purpose of 
programming logic devices manufactured by Altera and sold by 
Altera or its authorized distributors.  Please refer to the 
applicable agreement for further details.



+-------------------------------------------------------------------------------------------------------------------------------------+
; Timing Analyzer Summary                                                                                                             ;
+------------------------------+-------+---------------+-------------+----------+--------------+------------+----------+--------------+
; Type                         ; Slack ; Required Time ; Actual Time ; From     ; To           ; From Clock ; To Clock ; Failed Paths ;
+------------------------------+-------+---------------+-------------+----------+--------------+------------+----------+--------------+
; Worst-case tpd               ; N/A   ; None          ; 9.687 ns    ; state[1] ; new_state[0] ; --         ; --       ; 0            ;
; Total number of failed paths ;       ;               ;             ;          ;              ;            ;          ; 0            ;
+------------------------------+-------+---------------+-------------+----------+--------------+------------+----------+--------------+


+-----------------------------------------------------------------------------------------------------------------------------------------------------+
; Timing Analyzer Settings                                                                                                                            ;
+------------------------------------------------------------------------------------------------------+--------------------+------+----+-------------+
; Option                                                                                               ; Setting            ; From ; To ; Entity Name ;
+------------------------------------------------------------------------------------------------------+--------------------+------+----+-------------+
; Device Name                                                                                          ; EP2S15F484C3       ;      ;    ;             ;
; Timing Models                                                                                        ; Final              ;      ;    ;             ;
; Default hold multicycle                                                                              ; Same as Multicycle ;      ;    ;             ;
; Cut paths between unrelated clock domains                                                            ; On                 ;      ;    ;             ;
; Cut off read during write signal paths                                                               ; On                 ;      ;    ;             ;
; Cut off feedback from I/O pins                                                                       ; On                 ;      ;    ;             ;
; Report Combined Fast/Slow Timing                                                                     ; Off                ;      ;    ;             ;
; Ignore Clock Settings                                                                                ; Off                ;      ;    ;             ;
; Analyze latches as synchronous elements                                                              ; On                 ;      ;    ;             ;
; Enable Recovery/Removal analysis                                                                     ; Off                ;      ;    ;             ;
; Enable Clock Latency                                                                                 ; Off                ;      ;    ;             ;
; Use TimeQuest Timing Analyzer                                                                        ; Off                ;      ;    ;             ;
; Number of source nodes to report per destination node                                                ; 10                 ;      ;    ;             ;
; Number of destination nodes to report                                                                ; 10                 ;      ;    ;             ;
; Number of paths to report                                                                            ; 200                ;      ;    ;             ;
; Report Minimum Timing Checks                                                                         ; Off                ;      ;    ;             ;
; Use Fast Timing Models                                                                               ; Off                ;      ;    ;             ;
; Report IO Paths Separately                                                                           ; Off                ;      ;    ;             ;
; Perform Multicorner Analysis                                                                         ; On                 ;      ;    ;             ;
; Reports the worst-case path for each clock domain and analysis                                       ; Off                ;      ;    ;             ;
; Reports worst-case timing paths for each clock domain and analysis                                   ; Off                ;      ;    ;             ;
; Specifies the maximum number of worst-case timing paths to report for each clock domain and analysis ; 100                ;      ;    ;             ;
; Removes common clock path pessimism (CCPP) during slack computation                                  ; Off                ;      ;    ;             ;
; Output I/O Timing Endpoint                                                                           ; Near End           ;      ;    ;             ;
+------------------------------------------------------------------------------------------------------+--------------------+------+----+-------------+


Parallel compilation was disabled, but you have multiple processors available. Enable parallel compilation to reduce compilation time.
+-------------------------------------+
; Parallel Compilation                ;
+----------------------------+--------+
; Processors                 ; Number ;
+----------------------------+--------+
; Number detected on machine ; 4      ;
; Maximum allowed            ; 1      ;
+----------------------------+--------+


+---------------------------------------------------------------------------+
; tpd                                                                       ;
+-------+-------------------+-----------------+--------------+--------------+
; Slack ; Required P2P Time ; Actual P2P Time ; From         ; To           ;
+-------+-------------------+-----------------+--------------+--------------+
; N/A   ; None              ; 9.687 ns        ; state[1]     ; new_state[0] ;
; N/A   ; None              ; 9.413 ns        ; state[1]     ; new_state[1] ;
; N/A   ; None              ; 9.067 ns        ; result       ; new_state[0] ;
; N/A   ; None              ; 9.039 ns        ; state[0]     ; new_state[0] ;
; N/A   ; None              ; 8.759 ns        ; result       ; new_state[1] ;
; N/A   ; None              ; 8.675 ns        ; state[0]     ; new_state[1] ;
; N/A   ; None              ; 8.465 ns        ; result_strob ; new_state[0] ;
; N/A   ; None              ; 8.109 ns        ; result_strob ; new_state[1] ;
+-------+-------------------+-----------------+--------------+--------------+


+--------------------------+
; Timing Analyzer Messages ;
+--------------------------+
Info: *******************************************************************
Info: Running Quartus II Classic Timing Analyzer
    Info: Version 9.1 Build 222 10/21/2009 SJ Web Edition
    Info: Processing started: Sat Apr 13 12:53:37 2024
Info: Command: quartus_tan --read_settings_files=off --write_settings_files=off Lab10_20 -c Lab10_20 --timing_analysis_only
Info: Longest tpd from source pin "state[1]" to destination pin "new_state[0]" is 9.687 ns
    Info: 1: + IC(0.000 ns) + CELL(0.857 ns) = 0.857 ns; Loc. = PIN_Y3; Fanout = 3; PIN Node = 'state[1]'
    Info: 2: + IC(5.153 ns) + CELL(0.366 ns) = 6.376 ns; Loc. = LCCOMB_X25_Y21_N16; Fanout = 2; COMB Node = 'lpm_bustri0:inst7|lpm_bustri:lpm_bustri_component|dout[1]~3'
    Info: 3: + IC(1.389 ns) + CELL(1.922 ns) = 9.687 ns; Loc. = PIN_G8; Fanout = 0; PIN Node = 'new_state[0]'
    Info: Total cell delay = 3.145 ns ( 32.47 % )
    Info: Total interconnect delay = 6.542 ns ( 67.53 % )
Info: Quartus II Classic Timing Analyzer was successful. 0 errors, 0 warnings
    Info: Peak virtual memory: 173 megabytes
    Info: Processing ended: Sat Apr 13 12:53:37 2024
    Info: Elapsed time: 00:00:00
    Info: Total CPU time (on all processors): 00:00:00


