Flow report for lab1
Wed Oct 18 19:13:17 2023
Quartus II Version 9.1 Build 222 10/21/2009 SJ Web Edition


---------------------
; Table of Contents ;
---------------------
  1. Legal Notice
  2. Flow Summary
  3. Flow Settings
  4. Flow Non-Default Global Settings
  5. Flow Elapsed Time
  6. Flow OS Summary
  7. Flow Log



----------------
; Legal Notice ;
----------------
Copyright (C) 1991-2009 Altera Corporation
Your use of Altera Corporation's design tools, logic functions 
and other software and tools, and its AMPP partner logic 
functions, and any output files from any of the foregoing 
(including device programming or simulation files), and any 
associated documentation or information are expressly subject 
to the terms and conditions of the Altera Program License 
Subscription Agreement, Altera MegaCore Function License 
Agreement, or other applicable license agreement, including, 
without limitation, that your use is for the sole purpose of 
programming logic devices manufactured by Altera and sold by 
Altera or its authorized distributors.  Please refer to the 
applicable agreement for further details.



+------------------------------------------------------------------------------+
; Flow Summary                                                                 ;
+------------------------------------+-----------------------------------------+
; Flow Status                        ; Successful - Wed Oct 18 19:13:17 2023   ;
; Quartus II Version                 ; 9.1 Build 222 10/21/2009 SJ Web Edition ;
; Revision Name                      ; lab1                                    ;
; Top-level Entity Name              ; lab1                                    ;
; Family                             ; Cyclone IV GX                           ;
; Met timing requirements            ; N/A                                     ;
; Total logic elements               ; 4 / 14,400 ( < 1 % )                    ;
;     Total combinational functions  ; 0 / 14,400 ( 0 % )                      ;
;     Dedicated logic registers      ; 4 / 14,400 ( < 1 % )                    ;
; Total registers                    ; 0                                       ;
; Total pins                         ; 7 / 81 ( 9 % )                          ;
; Total virtual pins                 ; 0                                       ;
; Total memory bits                  ; 0 / 552,960 ( 0 % )                     ;
; Embedded Multiplier 9-bit elements ; 0                                       ;
; Total GXB Receiver Channel PCS     ; 0 / 2 ( 0 % )                           ;
; Total GXB Receiver Channel PMA     ; 0 / 2 ( 0 % )                           ;
; Total GXB Transmitter Channel PCS  ; 0 / 2 ( 0 % )                           ;
; Total GXB Transmitter Channel PMA  ; 0 / 2 ( 0 % )                           ;
; Total PLLs                         ; 0 / 3 ( 0 % )                           ;
; Device                             ; EP4CGX15BF14C6                          ;
; Timing Models                      ; Preliminary                             ;
+------------------------------------+-----------------------------------------+


+-----------------------------------------+
; Flow Settings                           ;
+-------------------+---------------------+
; Option            ; Setting             ;
+-------------------+---------------------+
; Start date & time ; 10/18/2023 19:11:49 ;
; Main task         ; Compilation         ;
; Revision Name     ; lab1                ;
+-------------------+---------------------+


+--------------------------------------------------------------------------------------------------------------------------------------------------------+
; Flow Non-Default Global Settings                                                                                                                       ;
+-------------------------------------+-------------------------------------------------------------------+---------------+-------------+----------------+
; Assignment Name                     ; Value                                                             ; Default Value ; Entity Name ; Section Id     ;
+-------------------------------------+-------------------------------------------------------------------+---------------+-------------+----------------+
; COMPILER_SIGNATURE_ID               ; 121378875227.169764550804432                                      ; --            ; --          ; --             ;
; EDA_GENERATE_FUNCTIONAL_NETLIST     ; On                                                                ; --            ; --          ; eda_simulation ;
; EDA_NETLIST_WRITER_OUTPUT_DIR       ; C:/Users/user/Desktop/projects/3course/SIFO/lab1/simulation/qsim/ ; --            ; --          ; eda_simulation ;
; EDA_OUTPUT_DATA_FORMAT              ; Verilog Hdl                                                       ; --            ; --          ; eda_simulation ;
; EDA_SIMULATION_TOOL                 ; ModelSim-Altera (Verilog)                                         ; <None>        ; --          ; --             ;
; IP_TOOL_NAME                        ; LPM_SHIFTREG                                                      ; --            ; --          ; --             ;
; IP_TOOL_VERSION                     ; 9.1                                                               ; --            ; --          ; --             ;
; MISC_FILE                           ; lpm_shiftreg0.bsf                                                 ; --            ; --          ; --             ;
; MISC_FILE                           ; lpm_shiftreg0.cmp                                                 ; --            ; --          ; --             ;
; PARTITION_COLOR                     ; 16764057                                                          ; --            ; --          ; Top            ;
; PARTITION_FITTER_PRESERVATION_LEVEL ; PLACEMENT_AND_ROUTING                                             ; --            ; --          ; Top            ;
; PARTITION_NETLIST_TYPE              ; SOURCE                                                            ; --            ; --          ; Top            ;
; PROJECT_OUTPUT_DIRECTORY            ; output_files                                                      ; --            ; --          ; --             ;
+-------------------------------------+-------------------------------------------------------------------+---------------+-------------+----------------+


+--------------------------------------------------------------------------------------------------------------------------+
; Flow Elapsed Time                                                                                                        ;
+----------------------+--------------+-------------------------+---------------------+------------------------------------+
; Module Name          ; Elapsed Time ; Average Processors Used ; Peak Virtual Memory ; Total CPU Time (on all processors) ;
+----------------------+--------------+-------------------------+---------------------+------------------------------------+
; Analysis & Synthesis ; 00:00:08     ; 1.0                     ; 257 MB              ; 00:00:05                           ;
; Fitter               ; 00:01:06     ; 1.0                     ; 304 MB              ; 00:00:19                           ;
; Total                ; 00:01:14     ; --                      ; --                  ; 00:00:24                           ;
+----------------------+--------------+-------------------------+---------------------+------------------------------------+


+---------------------------------------------------------------------------------------+
; Flow OS Summary                                                                       ;
+----------------------+------------------+---------------+------------+----------------+
; Module Name          ; Machine Hostname ; OS Name       ; OS Version ; Processor type ;
+----------------------+------------------+---------------+------------+----------------+
; Analysis & Synthesis ; PETIA7BDB        ; Windows Vista ; 6.2        ; x86_64         ;
; Fitter               ; PETIA7BDB        ; Windows Vista ; 6.2        ; x86_64         ;
+----------------------+------------------+---------------+------------+----------------+


------------
; Flow Log ;
------------
quartus_map --read_settings_files=on --write_settings_files=off lab1 -c lab1
quartus_fit --read_settings_files=on --write_settings_files=off lab1 -c lab1



