EDA Netlist Writer report for lab2
Fri Oct 20 14:03:52 2023
Quartus II Version 9.1 Build 350 03/24/2010 Service Pack 2 SJ Web Edition


---------------------
; Table of Contents ;
---------------------
  1. Legal Notice
  2. EDA Netlist Writer Summary
  3. Timing Analysis Settings
  4. Timing Analysis Generated Files
  5. EDA Netlist Writer Messages



----------------
; Legal Notice ;
----------------
Copyright (C) 1991-2010 Altera Corporation
Your use of Altera Corporation's design tools, logic functions 
and other software and tools, and its AMPP partner logic 
functions, and any output files from any of the foregoing 
(including device programming or simulation files), and any 
associated documentation or information are expressly subject 
to the terms and conditions of the Altera Program License 
Subscription Agreement, Altera MegaCore Function License 
Agreement, or other applicable license agreement, including, 
without limitation, that your use is for the sole purpose of 
programming logic devices manufactured by Altera and sold by 
Altera or its authorized distributors.  Please refer to the 
applicable agreement for further details.



+------------------------------------------------------------------------+
; EDA Netlist Writer Summary                                             ;
+--------------------------------+---------------------------------------+
; EDA Netlist Writer Status      ; Successful - Fri Oct 20 14:03:52 2023 ;
; Revision Name                  ; lab2                                  ;
; Top-level Entity Name          ; task2                                 ;
; Family                         ; Stratix II                            ;
; Timing Analysis Files Creation ; Successful                            ;
+--------------------------------+---------------------------------------+


+-----------------------------------------------------------+
; Timing Analysis Settings                                  ;
+-------------------------------------+---------------------+
; Option                              ; Setting             ;
+-------------------------------------+---------------------+
; Tool Name                           ; PrimeTime (Verilog) ;
; Time scale                          ; 1 ps                ;
; Truncate long hierarchy paths       ; Off                 ;
; Map illegal HDL characters          ; Off                 ;
; Flatten buses into individual nodes ; Off                 ;
+-------------------------------------+---------------------+


+---------------------------------------------------------------------------------+
; Timing Analysis Generated Files                                                 ;
+---------------------------------------------------------------------------------+
; Generated Files                                                                 ;
+---------------------------------------------------------------------------------+
; C:/Users/user/Desktop/projects/3course/SIFO/lab2/timing/primetime/lab2.vo       ;
; C:/Users/user/Desktop/projects/3course/SIFO/lab2/timing/primetime/lab2_v.sdo    ;
; C:/Users/user/Desktop/projects/3course/SIFO/lab2/timing/primetime/lab2_pt_v.tcl ;
+---------------------------------------------------------------------------------+


+-----------------------------+
; EDA Netlist Writer Messages ;
+-----------------------------+
Info: *******************************************************************
Info: Running Quartus II EDA Netlist Writer
    Info: Version 9.1 Build 350 03/24/2010 Service Pack 2 SJ Web Edition
    Info: Processing started: Fri Oct 20 14:03:52 2023
Info: Command: quartus_eda --read_settings_files=off --write_settings_files=off lab2 -c lab2
Info: Generated files "lab2.vo" and "lab2_v.sdo" in directory "C:/Users/user/Desktop/projects/3course/SIFO/lab2/timing/primetime/" for EDA timing analysis tool
Warning: Expected ENABLE_CLOCK_LATENCY to be set to ON but is set to OFF
Info: Generated PrimeTime Tcl script file C:/Users/user/Desktop/projects/3course/SIFO/lab2/timing/primetime/lab2_pt_v.tcl
Info: Quartus II EDA Netlist Writer was successful. 0 errors, 1 warning
    Info: Peak virtual memory: 185 megabytes
    Info: Processing ended: Fri Oct 20 14:03:52 2023
    Info: Elapsed time: 00:00:00
    Info: Total CPU time (on all processors): 00:00:00


