Flow report for lab8
Thu Mar 21 19:26:34 2024
Quartus II Version 9.1 Build 222 10/21/2009 SJ Web Edition


---------------------
; Table of Contents ;
---------------------
  1. Legal Notice
  2. Flow Summary
  3. Flow Settings
  4. Flow Non-Default Global Settings
  5. Flow Elapsed Time
  6. Flow OS Summary
  7. Flow Log



----------------
; Legal Notice ;
----------------
Copyright (C) 1991-2009 Altera Corporation
Your use of Altera Corporation's design tools, logic functions 
and other software and tools, and its AMPP partner logic 
functions, and any output files from any of the foregoing 
(including device programming or simulation files), and any 
associated documentation or information are expressly subject 
to the terms and conditions of the Altera Program License 
Subscription Agreement, Altera MegaCore Function License 
Agreement, or other applicable license agreement, including, 
without limitation, that your use is for the sole purpose of 
programming logic devices manufactured by Altera and sold by 
Altera or its authorized distributors.  Please refer to the 
applicable agreement for further details.



+-------------------------------------------------------------------------+
; Flow Summary                                                            ;
+-------------------------------+-----------------------------------------+
; Flow Status                   ; Successful - Thu Mar 21 19:26:34 2024   ;
; Quartus II Version            ; 9.1 Build 222 10/21/2009 SJ Web Edition ;
; Revision Name                 ; lab8                                    ;
; Top-level Entity Name         ; main                                    ;
; Family                        ; Stratix II                              ;
; Met timing requirements       ; No                                      ;
; Logic utilization             ; 2 %                                     ;
;     Combinational ALUTs       ; 124 / 12,480 ( < 1 % )                  ;
;     Dedicated logic registers ; 118 / 12,480 ( < 1 % )                  ;
; Total registers               ; 118                                     ;
; Total pins                    ; 44 / 343 ( 13 % )                       ;
; Total virtual pins            ; 0                                       ;
; Total block memory bits       ; 640 / 419,328 ( < 1 % )                 ;
; DSP block 9-bit elements      ; 0 / 96 ( 0 % )                          ;
; Total PLLs                    ; 0 / 6 ( 0 % )                           ;
; Total DLLs                    ; 0 / 2 ( 0 % )                           ;
; Device                        ; EP2S15F484C3                            ;
; Timing Models                 ; Final                                   ;
+-------------------------------+-----------------------------------------+


+-----------------------------------------+
; Flow Settings                           ;
+-------------------+---------------------+
; Option            ; Setting             ;
+-------------------+---------------------+
; Start date & time ; 03/21/2024 19:26:23 ;
; Main task         ; Compilation         ;
; Revision Name     ; lab8                ;
+-------------------+---------------------+


+---------------------------------------------------------------------------------------------------------------------+
; Flow Non-Default Global Settings                                                                                    ;
+------------------------------------+---------------------------------+---------------+-------------+----------------+
; Assignment Name                    ; Value                           ; Default Value ; Entity Name ; Section Id     ;
+------------------------------------+---------------------------------+---------------+-------------+----------------+
; COMPILER_SIGNATURE_ID              ; 233497581774655.171103838305452 ; --            ; --          ; --             ;
; IP_TOOL_NAME                       ; LPM_COUNTER                     ; --            ; --          ; --             ;
; IP_TOOL_NAME                       ; LPM_DECODE                      ; --            ; --          ; --             ;
; IP_TOOL_NAME                       ; LPM_COMPARE                     ; --            ; --          ; --             ;
; IP_TOOL_NAME                       ; LPM_COUNTER                     ; --            ; --          ; --             ;
; IP_TOOL_NAME                       ; LPM_DECODE                      ; --            ; --          ; --             ;
; IP_TOOL_NAME                       ; LPM_BUSTRI                      ; --            ; --          ; --             ;
; IP_TOOL_NAME                       ; LPM_FF                          ; --            ; --          ; --             ;
; IP_TOOL_NAME                       ; LPM_COMPARE                     ; --            ; --          ; --             ;
; IP_TOOL_NAME                       ; LPM_FF                          ; --            ; --          ; --             ;
; IP_TOOL_NAME                       ; LPM_BUSTRI                      ; --            ; --          ; --             ;
; IP_TOOL_NAME                       ; LPM_BUSTRI                      ; --            ; --          ; --             ;
; IP_TOOL_NAME                       ; LPM_BUSTRI                      ; --            ; --          ; --             ;
; IP_TOOL_NAME                       ; LPM_BUSTRI                      ; --            ; --          ; --             ;
; IP_TOOL_NAME                       ; LPM_BUSTRI                      ; --            ; --          ; --             ;
; IP_TOOL_NAME                       ; LPM_COUNTER                     ; --            ; --          ; --             ;
; IP_TOOL_NAME                       ; LPM_COMPARE                     ; --            ; --          ; --             ;
; IP_TOOL_NAME                       ; LPM_RAM_DQ                      ; --            ; --          ; --             ;
; IP_TOOL_VERSION                    ; 9.1                             ; --            ; --          ; --             ;
; IP_TOOL_VERSION                    ; 9.1                             ; --            ; --          ; --             ;
; IP_TOOL_VERSION                    ; 9.1                             ; --            ; --          ; --             ;
; IP_TOOL_VERSION                    ; 9.1                             ; --            ; --          ; --             ;
; IP_TOOL_VERSION                    ; 9.1                             ; --            ; --          ; --             ;
; IP_TOOL_VERSION                    ; 9.1                             ; --            ; --          ; --             ;
; IP_TOOL_VERSION                    ; 9.1                             ; --            ; --          ; --             ;
; IP_TOOL_VERSION                    ; 9.1                             ; --            ; --          ; --             ;
; IP_TOOL_VERSION                    ; 9.1                             ; --            ; --          ; --             ;
; IP_TOOL_VERSION                    ; 9.1                             ; --            ; --          ; --             ;
; IP_TOOL_VERSION                    ; 9.1                             ; --            ; --          ; --             ;
; IP_TOOL_VERSION                    ; 9.1                             ; --            ; --          ; --             ;
; IP_TOOL_VERSION                    ; 9.1                             ; --            ; --          ; --             ;
; IP_TOOL_VERSION                    ; 9.1                             ; --            ; --          ; --             ;
; IP_TOOL_VERSION                    ; 9.1                             ; --            ; --          ; --             ;
; IP_TOOL_VERSION                    ; 9.1                             ; --            ; --          ; --             ;
; IP_TOOL_VERSION                    ; 9.1                             ; --            ; --          ; --             ;
; MISC_FILE                          ; lpm_counter0.tdf                ; --            ; --          ; --             ;
; MISC_FILE                          ; lpm_counter0.bsf                ; --            ; --          ; --             ;
; MISC_FILE                          ; lpm_counter0.inc                ; --            ; --          ; --             ;
; MISC_FILE                          ; lpm_decode0.tdf                 ; --            ; --          ; --             ;
; MISC_FILE                          ; lpm_decode0.bsf                 ; --            ; --          ; --             ;
; MISC_FILE                          ; lpm_decode0.inc                 ; --            ; --          ; --             ;
; MISC_FILE                          ; lpm_compare0.tdf                ; --            ; --          ; --             ;
; MISC_FILE                          ; lpm_compare0.bsf                ; --            ; --          ; --             ;
; MISC_FILE                          ; lpm_compare0.inc                ; --            ; --          ; --             ;
; MISC_FILE                          ; lpm_counter1.tdf                ; --            ; --          ; --             ;
; MISC_FILE                          ; lpm_counter1.bsf                ; --            ; --          ; --             ;
; MISC_FILE                          ; lpm_counter1.inc                ; --            ; --          ; --             ;
; MISC_FILE                          ; lpm_decode1.tdf                 ; --            ; --          ; --             ;
; MISC_FILE                          ; lpm_decode1.bsf                 ; --            ; --          ; --             ;
; MISC_FILE                          ; lpm_decode1.inc                 ; --            ; --          ; --             ;
; MISC_FILE                          ; lpm_bustri0.tdf                 ; --            ; --          ; --             ;
; MISC_FILE                          ; lpm_bustri0.bsf                 ; --            ; --          ; --             ;
; MISC_FILE                          ; lpm_bustri0.inc                 ; --            ; --          ; --             ;
; MISC_FILE                          ; lpm_dff0.tdf                    ; --            ; --          ; --             ;
; MISC_FILE                          ; lpm_dff0.bsf                    ; --            ; --          ; --             ;
; MISC_FILE                          ; lpm_dff0.inc                    ; --            ; --          ; --             ;
; MISC_FILE                          ; lpm_compare1.tdf                ; --            ; --          ; --             ;
; MISC_FILE                          ; lpm_compare1.bsf                ; --            ; --          ; --             ;
; MISC_FILE                          ; lpm_compare1.inc                ; --            ; --          ; --             ;
; MISC_FILE                          ; lpm_dff1.tdf                    ; --            ; --          ; --             ;
; MISC_FILE                          ; lpm_dff1.bsf                    ; --            ; --          ; --             ;
; MISC_FILE                          ; lpm_dff1.inc                    ; --            ; --          ; --             ;
; MISC_FILE                          ; lpm_bustri1.tdf                 ; --            ; --          ; --             ;
; MISC_FILE                          ; lpm_bustri1.bsf                 ; --            ; --          ; --             ;
; MISC_FILE                          ; lpm_bustri1.inc                 ; --            ; --          ; --             ;
; MISC_FILE                          ; lpm_bustri2.tdf                 ; --            ; --          ; --             ;
; MISC_FILE                          ; lpm_bustri2.bsf                 ; --            ; --          ; --             ;
; MISC_FILE                          ; lpm_bustri2.inc                 ; --            ; --          ; --             ;
; MISC_FILE                          ; lpm_bustri3.tdf                 ; --            ; --          ; --             ;
; MISC_FILE                          ; lpm_bustri3.bsf                 ; --            ; --          ; --             ;
; MISC_FILE                          ; lpm_bustri3.inc                 ; --            ; --          ; --             ;
; MISC_FILE                          ; lpm_bustri4.tdf                 ; --            ; --          ; --             ;
; MISC_FILE                          ; lpm_bustri4.bsf                 ; --            ; --          ; --             ;
; MISC_FILE                          ; lpm_bustri4.inc                 ; --            ; --          ; --             ;
; MISC_FILE                          ; lpm_bustri5.tdf                 ; --            ; --          ; --             ;
; MISC_FILE                          ; lpm_bustri5.bsf                 ; --            ; --          ; --             ;
; MISC_FILE                          ; lpm_bustri5.inc                 ; --            ; --          ; --             ;
; MISC_FILE                          ; lpm_counter2.tdf                ; --            ; --          ; --             ;
; MISC_FILE                          ; lpm_counter2.bsf                ; --            ; --          ; --             ;
; MISC_FILE                          ; lpm_counter2.inc                ; --            ; --          ; --             ;
; MISC_FILE                          ; lpm_compare2.tdf                ; --            ; --          ; --             ;
; MISC_FILE                          ; lpm_compare2.bsf                ; --            ; --          ; --             ;
; MISC_FILE                          ; lpm_compare2.inc                ; --            ; --          ; --             ;
; MISC_FILE                          ; lpm_ram_dq0.tdf                 ; --            ; --          ; --             ;
; MISC_FILE                          ; lpm_ram_dq0.bsf                 ; --            ; --          ; --             ;
; MISC_FILE                          ; lpm_ram_dq0.inc                 ; --            ; --          ; --             ;
; PARTITION_COLOR                    ; 16764057                        ; --            ; main        ; Top            ;
; PARTITION_NETLIST_TYPE             ; SOURCE                          ; --            ; main        ; Top            ;
; TOP_LEVEL_ENTITY                   ; main                            ; lab8          ; --          ; --             ;
; USE_GENERATED_PHYSICAL_CONSTRAINTS ; Off                             ; --            ; --          ; eda_blast_fpga ;
+------------------------------------+---------------------------------+---------------+-------------+----------------+


+-----------------------------------------------------------------------------------------------------------------------------+
; Flow Elapsed Time                                                                                                           ;
+-------------------------+--------------+-------------------------+---------------------+------------------------------------+
; Module Name             ; Elapsed Time ; Average Processors Used ; Peak Virtual Memory ; Total CPU Time (on all processors) ;
+-------------------------+--------------+-------------------------+---------------------+------------------------------------+
; Analysis & Synthesis    ; 00:00:02     ; 1.0                     ; 243 MB              ; 00:00:03                           ;
; Fitter                  ; 00:00:05     ; 1.0                     ; 285 MB              ; 00:00:05                           ;
; Assembler               ; 00:00:01     ; 1.0                     ; 244 MB              ; 00:00:01                           ;
; Classic Timing Analyzer ; 00:00:00     ; 1.0                     ; 175 MB              ; 00:00:01                           ;
; Total                   ; 00:00:08     ; --                      ; --                  ; 00:00:10                           ;
+-------------------------+--------------+-------------------------+---------------------+------------------------------------+


+------------------------------------------------------------------------------------------+
; Flow OS Summary                                                                          ;
+-------------------------+------------------+---------------+------------+----------------+
; Module Name             ; Machine Hostname ; OS Name       ; OS Version ; Processor type ;
+-------------------------+------------------+---------------+------------+----------------+
; Analysis & Synthesis    ; DESKTOP-69S173C  ; Windows Vista ; 6.2        ; x86_64         ;
; Fitter                  ; DESKTOP-69S173C  ; Windows Vista ; 6.2        ; x86_64         ;
; Assembler               ; DESKTOP-69S173C  ; Windows Vista ; 6.2        ; x86_64         ;
; Classic Timing Analyzer ; DESKTOP-69S173C  ; Windows Vista ; 6.2        ; x86_64         ;
+-------------------------+------------------+---------------+------------+----------------+


------------
; Flow Log ;
------------
quartus_map --read_settings_files=on --write_settings_files=off lab8 -c lab8
quartus_fit --read_settings_files=off --write_settings_files=off lab8 -c lab8
quartus_asm --read_settings_files=off --write_settings_files=off lab8 -c lab8
quartus_tan --read_settings_files=off --write_settings_files=off lab8 -c lab8 --timing_analysis_only



